Component: ARM Compiler 5.06 update 6 (build 750) Tool: armlink [4d35ed]

==============================================================================

Section Cross References

    startup_stm32f10x_md.o(RESET) refers to startup_stm32f10x_md.o(STACK) for __initial_sp
    startup_stm32f10x_md.o(RESET) refers to startup_stm32f10x_md.o(.text) for Reset_Handler
    startup_stm32f10x_md.o(RESET) refers to stm32f10x_it.o(i.NMI_Handler) for NMI_Handler
    startup_stm32f10x_md.o(RESET) refers to stm32f10x_it.o(i.HardFault_Handler) for HardFault_Handler
    startup_stm32f10x_md.o(RESET) refers to stm32f10x_it.o(i.MemManage_Handler) for MemManage_Handler
    startup_stm32f10x_md.o(RESET) refers to stm32f10x_it.o(i.BusFault_Handler) for BusFault_Handler
    startup_stm32f10x_md.o(RESET) refers to stm32f10x_it.o(i.UsageFault_Handler) for UsageFault_Handler
    startup_stm32f10x_md.o(RESET) refers to port.o(.emb_text) for SVC_Handler
    startup_stm32f10x_md.o(RESET) refers to stm32f10x_it.o(i.DebugMon_Handler) for DebugMon_Handler
    startup_stm32f10x_md.o(RESET) refers to port.o(i.SysTick_Handler) for SysTick_Handler
    startup_stm32f10x_md.o(RESET) refers to stm32f10x_it.o(i.RTC_IRQHandler) for RTC_IRQHandler
    startup_stm32f10x_md.o(RESET) refers to main.o(i.TIM4_IRQHandler) for TIM4_IRQHandler
    startup_stm32f10x_md.o(RESET) refers to usart.o(i.USART1_IRQHandler) for USART1_IRQHandler
    startup_stm32f10x_md.o(RESET) refers to usart.o(i.USART2_IRQHandler) for USART2_IRQHandler
    startup_stm32f10x_md.o(RESET) refers to usart.o(i.USART3_IRQHandler) for USART3_IRQHandler
    startup_stm32f10x_md.o(.text) refers to system_stm32f10x.o(i.SystemInit) for SystemInit
    startup_stm32f10x_md.o(.text) refers to entry.o(.ARM.Collect$$$$00000000) for __main
    system_stm32f10x.o(i.SetSysClock) refers to system_stm32f10x.o(i.SetSysClockTo64) for SetSysClockTo64
    system_stm32f10x.o(i.SetSysClockTo64) refers to stm32f10x_rcc.o(i.RCC_DeInit) for RCC_DeInit
    system_stm32f10x.o(i.SystemCoreClockUpdate) refers to system_stm32f10x.o(.data) for .data
    system_stm32f10x.o(i.SystemInit) refers to system_stm32f10x.o(i.SetSysClock) for SetSysClock
    stm32f10x_adc.o(i.ADC_DeInit) refers to stm32f10x_rcc.o(i.RCC_APB2PeriphResetCmd) for RCC_APB2PeriphResetCmd
    stm32f10x_bkp.o(i.BKP_DeInit) refers to stm32f10x_rcc.o(i.RCC_BackupResetCmd) for RCC_BackupResetCmd
    stm32f10x_can.o(i.CAN_DeInit) refers to stm32f10x_rcc.o(i.RCC_APB1PeriphResetCmd) for RCC_APB1PeriphResetCmd
    stm32f10x_can.o(i.CAN_GetITStatus) refers to stm32f10x_can.o(i.CheckITStatus) for CheckITStatus
    stm32f10x_cec.o(i.CEC_DeInit) refers to stm32f10x_rcc.o(i.RCC_APB1PeriphResetCmd) for RCC_APB1PeriphResetCmd
    stm32f10x_dac.o(i.DAC_DeInit) refers to stm32f10x_rcc.o(i.RCC_APB1PeriphResetCmd) for RCC_APB1PeriphResetCmd
    stm32f10x_flash.o(i.FLASH_EnableWriteProtection) refers to stm32f10x_flash.o(i.FLASH_WaitForLastOperation) for FLASH_WaitForLastOperation
    stm32f10x_flash.o(i.FLASH_EraseAllBank1Pages) refers to stm32f10x_flash.o(i.FLASH_WaitForLastBank1Operation) for FLASH_WaitForLastBank1Operation
    stm32f10x_flash.o(i.FLASH_EraseAllPages) refers to stm32f10x_flash.o(i.FLASH_WaitForLastOperation) for FLASH_WaitForLastOperation
    stm32f10x_flash.o(i.FLASH_EraseOptionBytes) refers to stm32f10x_flash.o(i.FLASH_GetReadOutProtectionStatus) for FLASH_GetReadOutProtectionStatus
    stm32f10x_flash.o(i.FLASH_EraseOptionBytes) refers to stm32f10x_flash.o(i.FLASH_WaitForLastOperation) for FLASH_WaitForLastOperation
    stm32f10x_flash.o(i.FLASH_ErasePage) refers to stm32f10x_flash.o(i.FLASH_WaitForLastOperation) for FLASH_WaitForLastOperation
    stm32f10x_flash.o(i.FLASH_ProgramHalfWord) refers to stm32f10x_flash.o(i.FLASH_WaitForLastOperation) for FLASH_WaitForLastOperation
    stm32f10x_flash.o(i.FLASH_ProgramOptionByteData) refers to stm32f10x_flash.o(i.FLASH_WaitForLastOperation) for FLASH_WaitForLastOperation
    stm32f10x_flash.o(i.FLASH_ProgramWord) refers to stm32f10x_flash.o(i.FLASH_WaitForLastOperation) for FLASH_WaitForLastOperation
    stm32f10x_flash.o(i.FLASH_ReadOutProtection) refers to stm32f10x_flash.o(i.FLASH_WaitForLastOperation) for FLASH_WaitForLastOperation
    stm32f10x_flash.o(i.FLASH_UserOptionByteConfig) refers to stm32f10x_flash.o(i.FLASH_WaitForLastOperation) for FLASH_WaitForLastOperation
    stm32f10x_flash.o(i.FLASH_WaitForLastBank1Operation) refers to stm32f10x_flash.o(i.FLASH_GetBank1Status) for FLASH_GetBank1Status
    stm32f10x_flash.o(i.FLASH_WaitForLastOperation) refers to stm32f10x_flash.o(i.FLASH_GetBank1Status) for FLASH_GetBank1Status
    stm32f10x_gpio.o(i.GPIO_AFIODeInit) refers to stm32f10x_rcc.o(i.RCC_APB2PeriphResetCmd) for RCC_APB2PeriphResetCmd
    stm32f10x_gpio.o(i.GPIO_DeInit) refers to stm32f10x_rcc.o(i.RCC_APB2PeriphResetCmd) for RCC_APB2PeriphResetCmd
    stm32f10x_i2c.o(i.I2C_DeInit) refers to stm32f10x_rcc.o(i.RCC_APB1PeriphResetCmd) for RCC_APB1PeriphResetCmd
[...]
    Removing stm32f10x_wwdg.o(i.WWDG_DeInit), (24 bytes).
    Removing stm32f10x_wwdg.o(i.WWDG_Enable), (16 bytes).
    Removing stm32f10x_wwdg.o(i.WWDG_EnableIT), (12 bytes).
    Removing stm32f10x_wwdg.o(i.WWDG_GetFlagStatus), (12 bytes).
    Removing stm32f10x_wwdg.o(i.WWDG_SetCounter), (16 bytes).
    Removing stm32f10x_wwdg.o(i.WWDG_SetPrescaler), (20 bytes).
    Removing stm32f10x_wwdg.o(i.WWDG_SetWindowValue), (36 bytes).
    Removing usart.o(i.UartGetChar), (58 bytes).
    Removing usart.o(i.comCanReadNum), (92 bytes).
    Removing usart.o(i.comCanWriteNum), (80 bytes).
    Removing usart.o(i.comClearRxFifo), (18 bytes).
    Removing usart.o(i.comClearTxFifo), (18 bytes).
    Removing usart.o(i.comGetChar), (20 bytes).
    Removing usart.o(i.fgetc), (20 bytes).
    Removing time.o(i.bsp_ConfigGpioOut), (44 bytes).
    Removing time.o(i.bsp_ConfigTimGpio), (92 bytes).
    Removing time.o(i.bsp_GetRCCofGPIO), (104 bytes).
    Removing time.o(i.bsp_SetTIMOutPWM), (448 bytes).
    Removing time.o(i.bsp_SetTIMOutPWM_N), (448 bytes).
    Removing crc16.o(i.CRC16), (56 bytes).
    Removing crc16.o(.constdata), (64 bytes).
    Removing spi.o(i.sFLASH_DeInit), (4 bytes).
    Removing spi.o(i.sFLASH_EraseBulk), (44 bytes).
    Removing spi.o(i.sFLASH_EraseSector), (68 bytes).
    Removing spi.o(i.sFLASH_Init), (100 bytes).
    Removing spi.o(i.sFLASH_LowLevel_DeInit), (100 bytes).
    Removing spi.o(i.sFLASH_LowLevel_Init), (104 bytes).
    Removing spi.o(i.sFLASH_ReadBuffer), (88 bytes).
    Removing spi.o(i.sFLASH_ReadByte), (6 bytes).
    Removing spi.o(i.sFLASH_ReadID), (68 bytes).
    Removing spi.o(i.sFLASH_SendByte), (52 bytes).
    Removing spi.o(i.sFLASH_SendHalfWord), (52 bytes).
    Removing spi.o(i.sFLASH_StartReadSequence), (48 bytes).
    Removing spi.o(i.sFLASH_WaitForWriteEnd), (48 bytes).
    Removing spi.o(i.sFLASH_WriteBuffer), (226 bytes).
    Removing spi.o(i.sFLASH_WriteEnable), (36 bytes).
    Removing spi.o(i.sFLASH_WritePage), (92 bytes).
    Removing tasks.o(i.pcTaskGetName), (16 bytes).
    Removing tasks.o(i.prvTaskIsTaskSuspended), (32 bytes).
    Removing tasks.o(i.ulTaskNotifyTake), (104 bytes).
    Removing tasks.o(i.uxTaskGetNumberOfTasks), (12 bytes).
    Removing tasks.o(i.uxTaskGetTaskNumber), (12 bytes).
    Removing tasks.o(i.uxTaskPriorityGet), (28 bytes).
    Removing tasks.o(i.uxTaskPriorityGetFromISR), (40 bytes).
    Removing tasks.o(i.uxTaskResetEventItemValue), (24 bytes).
    Removing tasks.o(i.vTaskEndScheduler), (28 bytes).
    Removing tasks.o(i.vTaskMissedYield), (12 bytes).
    Removing tasks.o(i.vTaskNotifyGiveFromISR), (144 bytes).
    Removing tasks.o(i.vTaskPlaceOnEventList), (32 bytes).
    Removing tasks.o(i.vTaskPlaceOnUnorderedEventList), (44 bytes).
    Removing tasks.o(i.vTaskPrioritySet), (196 bytes).
    Removing tasks.o(i.vTaskResume), (112 bytes).
    Removing tasks.o(i.vTaskSetTaskNumber), (8 bytes).
    Removing tasks.o(i.vTaskSetTimeOutState), (16 bytes).
    Removing tasks.o(i.vTaskSuspend), (160 bytes).
    Removing tasks.o(i.xTaskCheckForTimeOut), (80 bytes).
    Removing tasks.o(i.xTaskGenericNotify), (168 bytes).
    Removing tasks.o(i.xTaskGenericNotifyFromISR), (204 bytes).
    Removing tasks.o(i.xTaskGetTickCountFromISR), (12 bytes).
    Removing tasks.o(i.xTaskNotifyStateClear), (52 bytes).
    Removing tasks.o(i.xTaskNotifyWait), (144 bytes).
    Removing tasks.o(i.xTaskRemoveFromEventList), (100 bytes).
    Removing tasks.o(i.xTaskRemoveFromUnorderedEventList), (80 bytes).
    Removing tasks.o(i.xTaskResumeFromISR), (120 bytes).
    Removing queue.o(i.prvCopyDataFromQueue), (36 bytes).
    Removing queue.o(i.prvCopyDataToQueue), (92 bytes).
    Removing queue.o(i.prvInitialiseNewQueue), (34 bytes).
    Removing queue.o(i.prvIsQueueEmpty), (26 bytes).
    Removing queue.o(i.prvIsQueueFull), (30 bytes).
    Removing queue.o(i.prvUnlockQueue), (104 bytes).
    Removing queue.o(i.ucQueueGetQueueType), (6 bytes).
    Removing queue.o(i.uxQueueGetQueueNumber), (4 bytes).
    Removing queue.o(i.uxQueueMessagesWaiting), (18 bytes).
    Removing queue.o(i.uxQueueMessagesWaitingFromISR), (4 bytes).
    Removing queue.o(i.uxQueueSpacesAvailable), (22 bytes).
    Removing queue.o(i.vQueueDelete), (4 bytes).
    Removing queue.o(i.vQueueSetQueueNumber), (4 bytes).
    Removing queue.o(i.xQueueGenericCreate), (50 bytes).
    Removing queue.o(i.xQueueGenericReceive), (296 bytes).
    Removing queue.o(i.xQueueGenericReset), (124 bytes).
    Removing queue.o(i.xQueueGenericSend), (268 bytes).
    Removing queue.o(i.xQueueGenericSendFromISR), (104 bytes).
    Removing queue.o(i.xQueueGiveFromISR), (88 bytes).
    Removing queue.o(i.xQueueIsQueueEmptyFromISR), (14 bytes).
    Removing queue.o(i.xQueueIsQueueFullFromISR), (16 bytes).
    Removing queue.o(i.xQueuePeekFromISR), (50 bytes).
    Removing queue.o(i.xQueueReceiveFromISR), (100 bytes).
    Removing port.o(i.vPortEndScheduler), (2 bytes).
    Removing heap_4.o(i.vPortInitialiseBlocks), (2 bytes).
    Removing heap_4.o(i.xPortGetFreeHeapSize), (12 bytes).
    Removing heap_4.o(i.xPortGetMinimumEverFreeHeapSize), (12 bytes).
    Removing cjson.o(i.add_item_to_array), (42 bytes).
    Removing cjson.o(i.add_item_to_object), (110 bytes).
    Removing cjson.o(i.buffer_skip_whitespace), (50 bytes).
    Removing cjson.o(i.cJSON_AddArrayToObject), (48 bytes).
    Removing cjson.o(i.cJSON_AddBoolToObject), (52 bytes).
    Removing cjson.o(i.cJSON_AddFalseToObject), (48 bytes).
    Removing cjson.o(i.cJSON_AddItemReferenceToArray), (36 bytes).
    Removing cjson.o(i.cJSON_AddItemReferenceToObject), (44 bytes).
    Removing cjson.o(i.cJSON_AddItemToArray), (4 bytes).
    Removing cjson.o(i.cJSON_AddItemToObject), (20 bytes).
    Removing cjson.o(i.cJSON_AddItemToObjectCS), (20 bytes).
    Removing cjson.o(i.cJSON_AddNullToObject), (48 bytes).
    Removing cjson.o(i.cJSON_AddNumberToObject), (52 bytes).
    Removing cjson.o(i.cJSON_AddObjectToObject), (48 bytes).
    Removing cjson.o(i.cJSON_AddRawToObject), (52 bytes).
    Removing cjson.o(i.cJSON_AddStringToObject), (52 bytes).
    Removing cjson.o(i.cJSON_AddTrueToObject), (48 bytes).
    Removing cjson.o(i.cJSON_Compare), (352 bytes).
    Removing cjson.o(i.cJSON_CreateArray), (24 bytes).
    Removing cjson.o(i.cJSON_CreateArrayReference), (36 bytes).
    Removing cjson.o(i.cJSON_CreateBool), (32 bytes).
    Removing cjson.o(i.cJSON_CreateDoubleArray), (92 bytes).
    Removing cjson.o(i.cJSON_CreateFalse), (24 bytes).
    Removing cjson.o(i.cJSON_CreateFloatArray), (92 bytes).
    Removing cjson.o(i.cJSON_CreateIntArray), (92 bytes).
    Removing cjson.o(i.cJSON_CreateNull), (24 bytes).
    Removing cjson.o(i.cJSON_CreateNumber), (100 bytes).
    Removing cjson.o(i.cJSON_CreateObject), (24 bytes).
    Removing cjson.o(i.cJSON_CreateObjectReference), (36 bytes).
    Removing cjson.o(i.cJSON_CreateRaw), (48 bytes).
    Removing cjson.o(i.cJSON_CreateString), (48 bytes).
    Removing cjson.o(i.cJSON_CreateStringArray), (88 bytes).
    Removing cjson.o(i.cJSON_CreateStringReference), (36 bytes).
    Removing cjson.o(i.cJSON_CreateTrue), (24 bytes).
    Removing cjson.o(i.cJSON_Delete), (80 bytes).
    Removing cjson.o(i.cJSON_DeleteItemFromArray), (14 bytes).
    Removing cjson.o(i.cJSON_DeleteItemFromObject), (14 bytes).
    Removing cjson.o(i.cJSON_DeleteItemFromObjectCaseSensitive), (14 bytes).
    Removing cjson.o(i.cJSON_DetachItemFromArray), (30 bytes).
    Removing cjson.o(i.cJSON_DetachItemFromObject), (22 bytes).
    Removing cjson.o(i.cJSON_DetachItemFromObjectCaseSensitive), (22 bytes).
    Removing cjson.o(i.cJSON_DetachItemViaPointer), (48 bytes).
    Removing cjson.o(i.cJSON_Duplicate), (152 bytes).
    Removing cjson.o(i.cJSON_GetArrayItem), (12 bytes).
    Removing cjson.o(i.cJSON_GetArraySize), (28 bytes).
    Removing cjson.o(i.cJSON_GetErrorPtr), (16 bytes).
    Removing cjson.o(i.cJSON_GetObjectItem), (6 bytes).
    Removing cjson.o(i.cJSON_GetObjectItemCaseSensitive), (6 bytes).
    Removing cjson.o(i.cJSON_GetStringValue), (20 bytes).
    Removing cjson.o(i.cJSON_HasObjectItem), (16 bytes).
    Removing cjson.o(i.cJSON_InitHooks), (84 bytes).
    Removing cjson.o(i.cJSON_InsertItemInArray), (54 bytes).
    Removing cjson.o(i.cJSON_IsArray), (22 bytes).
    Removing cjson.o(i.cJSON_IsBool), (24 bytes).
    Removing cjson.o(i.cJSON_IsFalse), (22 bytes).
    Removing cjson.o(i.cJSON_IsInvalid), (24 bytes).
    Removing cjson.o(i.cJSON_IsNull), (22 bytes).
    Removing cjson.o(i.cJSON_IsNumber), (22 bytes).
    Removing cjson.o(i.cJSON_IsObject), (22 bytes).
    Removing cjson.o(i.cJSON_IsRaw), (22 bytes).
    Removing cjson.o(i.cJSON_IsString), (22 bytes).
    Removing cjson.o(i.cJSON_IsTrue), (22 bytes).
    Removing cjson.o(i.cJSON_Minify), (166 bytes).
    Removing cjson.o(i.cJSON_New_Item), (36 bytes).
    Removing cjson.o(i.cJSON_Parse), (8 bytes).
    Removing cjson.o(i.cJSON_ParseWithOpts), (224 bytes).
    Removing cjson.o(i.cJSON_Print), (12 bytes).
    Removing cjson.o(i.cJSON_PrintBuffered), (128 bytes).
    Removing cjson.o(i.cJSON_PrintPreallocated), (96 bytes).
    Removing cjson.o(i.cJSON_PrintUnformatted), (12 bytes).
    Removing cjson.o(i.cJSON_ReplaceItemInArray), (32 bytes).
    Removing cjson.o(i.cJSON_ReplaceItemInObject), (6 bytes).
    Removing cjson.o(i.cJSON_ReplaceItemInObjectCaseSensitive), (6 bytes).
    Removing cjson.o(i.cJSON_ReplaceItemViaPointer), (70 bytes).
    Removing cjson.o(i.cJSON_SetNumberHelper), (84 bytes).
    Removing cjson.o(i.cJSON_Version), (40 bytes).
    Removing cjson.o(i.cJSON_free), (12 bytes).
    Removing cjson.o(i.cJSON_malloc), (12 bytes).
    Removing cjson.o(i.cJSON_strdup), (50 bytes).
    Removing cjson.o(i.case_insensitive_strcmp), (90 bytes).
    Removing cjson.o(i.cast_away_const), (2 bytes).
    Removing cjson.o(i.create_reference), (84 bytes).
    Removing cjson.o(i.ensure), (192 bytes).
    Removing cjson.o(i.get_array_item), (26 bytes).
    Removing cjson.o(i.get_decimal_point), (4 bytes).
    Removing cjson.o(i.get_object_item), (58 bytes).
    Removing cjson.o(i.parse_array), (216 bytes).
    Removing cjson.o(i.parse_hex4), (72 bytes).
    Removing cjson.o(i.parse_number), (260 bytes).
    Removing cjson.o(i.parse_object), (272 bytes).
    Removing cjson.o(i.parse_string), (340 bytes).
    Removing cjson.o(i.parse_value), (272 bytes).
    Removing cjson.o(i.print), (172 bytes).
    Removing cjson.o(i.print_array), (174 bytes).
    Removing cjson.o(i.print_number), (192 bytes).
    Removing cjson.o(i.print_object), (370 bytes).
    Removing cjson.o(i.print_string), (6 bytes).
    Removing cjson.o(i.print_string_ptr), (344 bytes).
    Removing cjson.o(i.print_value), (252 bytes).
    Removing cjson.o(i.replace_item_in_object), (92 bytes).
    Removing cjson.o(i.skip_utf8_bom), (52 bytes).
    Removing cjson.o(i.suffix_object), (6 bytes).
    Removing cjson.o(i.update_offset), (30 bytes).
    Removing cjson.o(i.utf16_literal_to_utf8), (214 bytes).
    Removing cjson.o(.bss), (15 bytes).
    Removing cjson.o(.data), (20 bytes).
    Removing cjson_test.o(i.create_objects), (1012 bytes).
    Removing cjson_test.o(i.print_preallocated), (444 bytes).
    Removing cjson_test.o(i.user_cjson_test), (40 bytes).
    Removing cjson_test.o(.constdata), (176 bytes).
    Removing cjson_test.o(.conststring), (200 bytes).
    Removing main.o(.data), (4 bytes).
    Removing main.o(.data), (4 bytes).
    Removing dflti.o(.text), (34 bytes).
    Removing dfixi.o(.text), (62 bytes).
    Removing f2d.o(.text), (38 bytes).
    Removing cdcmple.o(.text), (48 bytes).
    Removing dfltul.o(.text), (24 bytes).
    Removing d2f.o(.text), (56 bytes).
    Removing fepilogue.o(.text), (110 bytes).

652 unused section(s) (total 32977 bytes) removed from the image.

==============================================================================

Image Symbol Table

    Local Symbols

    Symbol Name                              Value     Ov Type        Size  Object(Section)

    ../clib/microlib/ctype/ctype.c           0x00000000   Number         0  isspace_c.o ABSOLUTE
    ../clib/microlib/ctype/ctype.c           0x00000000   Number         0  ctype_c.o ABSOLUTE
    ../clib/microlib/ctype/tolower.c         0x00000000   Number         0  tolower.o ABSOLUTE
    ../clib/microlib/division.c              0x00000000   Number         0  uidiv.o ABSOLUTE
    ../clib/microlib/division.c              0x00000000   Number         0  uldiv.o ABSOLUTE
    ../clib/microlib/init/entry.s            0x00000000   Number         0  entry5.o ABSOLUTE
    ../clib/microlib/init/entry.s            0x00000000   Number         0  entry11a.o ABSOLUTE
    ../clib/microlib/init/entry.s            0x00000000   Number         0  entry9b.o ABSOLUTE
    ../clib/microlib/init/entry.s            0x00000000   Number         0  entry7a.o ABSOLUTE
    ../clib/microlib/init/entry.s            0x00000000   Number         0  entry11b.o ABSOLUTE
    ../clib/microlib/init/entry.s            0x00000000   Number         0  entry9a.o ABSOLUTE
    ../clib/microlib/init/entry.s            0x00000000   Number         0  entry2.o ABSOLUTE
    ../clib/microlib/init/entry.s            0x00000000   Number         0  entry8b.o ABSOLUTE
    ../clib/microlib/init/entry.s            0x00000000   Number         0  entry8a.o ABSOLUTE
    ../clib/microlib/init/entry.s            0x00000000   Number         0  entry7b.o ABSOLUTE
    ../clib/microlib/init/entry.s            0x00000000   Number         0  entry10a.o ABSOLUTE
    ../clib/microlib/init/entry.s            0x00000000   Number         0  entry10b.o ABSOLUTE
    ../clib/microlib/init/entry.s            0x00000000   Number         0  entry.o ABSOLUTE
    ../clib/microlib/longlong.c              0x00000000   Number         0  llushr.o ABSOLUTE
    ../clib/microlib/longlong.c              0x00000000   Number         0  llsshr.o ABSOLUTE
    ../clib/microlib/longlong.c              0x00000000   Number         0  llshl.o ABSOLUTE
    ../clib/microlib/malloc/malloc.c         0x00000000   Number         0  malloca.o ABSOLUTE
    ../clib/microlib/malloc/malloc.c         0x00000000   Number         0  mallocr.o ABSOLUTE
    ../clib/microlib/malloc/malloc.c         0x00000000   Number         0  mallocra.o ABSOLUTE
    ../clib/microlib/malloc/malloc.c         0x00000000   Number         0  malloc.o ABSOLUTE
    ../clib/microlib/malloc/mvars.c          0x00000000   Number         0  mvars.o ABSOLUTE
    ../clib/microlib/printf/printf.c         0x00000000   Number         0  printf4.o ABSOLUTE
    ../clib/microlib/printf/printf.c         0x00000000   Number         0  printf3.o ABSOLUTE
    ../clib/microlib/printf/printf.c         0x00000000   Number         0  printf2.o ABSOLUTE
    ../clib/microlib/printf/printf.c         0x00000000   Number         0  printf1.o ABSOLUTE
    ../clib/microlib/printf/printf.c         0x00000000   Number         0  printf0.o ABSOLUTE
    ../clib/microlib/printf/printf.c         0x00000000   Number         0  printfb.o ABSOLUTE
    ../clib/microlib/printf/printf.c         0x00000000   Number         0  printf6.o ABSOLUTE
    ../clib/microlib/printf/printf.c         0x00000000   Number         0  printf5.o ABSOLUTE
    ../clib/microlib/printf/printf.c         0x00000000   Number         0  printf8.o ABSOLUTE
    ../clib/microlib/printf/printf.c         0x00000000   Number         0  printfa.o ABSOLUTE
    ../clib/microlib/printf/printf.c         0x00000000   Number         0  printf7.o ABSOLUTE
    ../clib/microlib/printf/stubs.s          0x00000000   Number         0  stubs.o ABSOLUTE
    ../clib/microlib/stdio/streams.c         0x00000000   Number         0  stdout.o ABSOLUTE
    ../clib/microlib/string/memcpy.c         0x00000000   Number         0  memcpya.o ABSOLUTE
    ../clib/microlib/string/memcpy.c         0x00000000   Number         0  memcpyb.o ABSOLUTE
    ../clib/microlib/string/memset.c         0x00000000   Number         0  memseta.o ABSOLUTE
    ../clib/microlib/string/strcmp.c         0x00000000   Number         0  strcmp.o ABSOLUTE
    ../clib/microlib/string/strcpy.c         0x00000000   Number         0  strcpy.o ABSOLUTE
    ../clib/microlib/string/strlen.c         0x00000000   Number         0  strlen.o ABSOLUTE
    ../clib/microlib/string/strncmp.c        0x00000000   Number         0  strncmp.o ABSOLUTE
    ../clib/microlib/stubs.s                 0x00000000   Number         0  iusefp.o ABSOLUTE
    ../clib/scanf.c                          0x00000000   Number         0  scanf_char.o ABSOLUTE
    ../clib/scanf.c                          0x00000000   Number         0  _scanf.o ABSOLUTE
    ../clib/scanf.c                          0x00000000   Number         0  _sgetc.o ABSOLUTE
    ../clib/scanf.c                          0x00000000   Number         0  strtod.o ABSOLUTE
    ../clib/scanf.c                          0x00000000   Number         0  scanf_fp.o ABSOLUTE
    ../clib/scanf.c                          0x00000000   Number         0  __0sscanf.o ABSOLUTE
    ../fplib/microlib/d2f.c                  0x00000000   Number         0  d2f.o ABSOLUTE
    ../fplib/microlib/f2d.c                  0x00000000   Number         0  f2d.o ABSOLUTE
    ../fplib/microlib/fpadd.c                0x00000000   Number         0  dadd.o ABSOLUTE
    ../fplib/microlib/fpdiv.c                0x00000000   Number         0  ddiv.o ABSOLUTE
    ../fplib/microlib/fpepilogue.c           0x00000000   Number         0  fepilogue.o ABSOLUTE
    ../fplib/microlib/fpepilogue.c           0x00000000   Number         0  depilogue.o ABSOLUTE
    ../fplib/microlib/fpfix.c                0x00000000   Number         0  dfixi.o ABSOLUTE
    ../fplib/microlib/fpfix.c                0x00000000   Number         0  dfixul.o ABSOLUTE
    ../fplib/microlib/fpflt.c                0x00000000   Number         0  dflti.o ABSOLUTE
    ../fplib/microlib/fpflt.c                0x00000000   Number         0  dfltul.o ABSOLUTE
    ../fplib/microlib/fpmul.c                0x00000000   Number         0  dmul.o ABSOLUTE
    ../mathlib/strtod.c                      0x00000000   Number         0  strtod.o ABSOLUTE
    ..\\src\\freertos\\portable\\RVDS\\ARM_CM3\\port.c 0x00000000   Number         0  port.o ABSOLUTE
    ..\\src\\library\\CMSIS\\CM3\\CoreSupport\\core_cm3.c 0x00000000   Number         0  core_cm3.o ABSOLUTE
    ..\src\cJSON\cJSON.c                     0x00000000   Number         0  cjson.o ABSOLUTE
    ..\src\cJSON\cJSON_test.c                0x00000000   Number         0  cjson_test.o ABSOLUTE
    ..\src\freertos\list.c                   0x00000000   Number         0  list.o ABSOLUTE
    ..\src\freertos\portable\MemMang\heap_4.c 0x00000000   Number         0  heap_4.o ABSOLUTE
    ..\src\freertos\portable\RVDS\ARM_CM3\port.c 0x00000000   Number         0  port.o ABSOLUTE
    ..\src\freertos\queue.c                  0x00000000   Number         0  queue.o ABSOLUTE
    ..\src\freertos\tasks.c                  0x00000000   Number         0  tasks.o ABSOLUTE
    ..\src\hal\crc\crc16.c                   0x00000000   Number         0  crc16.o ABSOLUTE
    ..\src\hal\led\led.c                     0x00000000   Number         0  led.o ABSOLUTE
    ..\src\hal\spi\spi.c                     0x00000000   Number         0  spi.o ABSOLUTE
    ..\src\hal\time\time.c                   0x00000000   Number         0  time.o ABSOLUTE
    ..\src\hal\usart\usart.c                 0x00000000   Number         0  usart.o ABSOLUTE
    ..\src\library\CMSIS\CM3\CoreSupport\core_cm3.c 0x00000000   Number         0  core_cm3.o ABSOLUTE
    ..\src\library\CMSIS\CM3\DeviceSupport\ST\STM32F10x\startup\arm\startup_stm32f10x_md.s 0x00000000   Number         0  startup_stm32f10x_md.o ABSOLUTE
    ..\src\library\CMSIS\CM3\DeviceSupport\ST\STM32F10x\system_stm32f10x.c 0x00000000   Number         0  system_stm32f10x.o ABSOLUTE
    ..\src\library\STM32F10x_StdPeriph_Driver\it\stm32f10x_it.c 0x00000000   Number         0  stm32f10x_it.o ABSOLUTE
    ..\src\library\STM32F10x_StdPeriph_Driver\src\misc.c 0x00000000   Number         0  misc.o ABSOLUTE
    ..\src\library\STM32F10x_StdPeriph_Driver\src\stm32f10x_adc.c 0x00000000   Number         0  stm32f10x_adc.o ABSOLUTE
    ..\src\library\STM32F10x_StdPeriph_Driver\src\stm32f10x_bkp.c 0x00000000   Number         0  stm32f10x_bkp.o ABSOLUTE
    ..\src\library\STM32F10x_StdPeriph_Driver\src\stm32f10x_can.c 0x00000000   Number         0  stm32f10x_can.o ABSOLUTE
    ..\src\library\STM32F10x_StdPeriph_Driver\src\stm32f10x_cec.c 0x00000000   Number         0  stm32f10x_cec.o ABSOLUTE
    ..\src\library\STM32F10x_StdPeriph_Driver\src\stm32f10x_crc.c 0x00000000   Number         0  stm32f10x_crc.o ABSOLUTE
    ..\src\library\STM32F10x_StdPeriph_Driver\src\stm32f10x_dac.c 0x00000000   Number         0  stm32f10x_dac.o ABSOLUTE
    ..\src\library\STM32F10x_StdPeriph_Driver\src\stm32f10x_dbgmcu.c 0x00000000   Number         0  stm32f10x_dbgmcu.o ABSOLUTE
    ..\src\library\STM32F10x_StdPeriph_Driver\src\stm32f10x_dma.c 0x00000000   Number         0  stm32f10x_dma.o ABSOLUTE
    ..\src\library\STM32F10x_StdPeriph_Driver\src\stm32f10x_exti.c 0x00000000   Number         0  stm32f10x_exti.o ABSOLUTE
    ..\src\library\STM32F10x_StdPeriph_Driver\src\stm32f10x_flash.c 0x00000000   Number         0  stm32f10x_flash.o ABSOLUTE
    ..\src\library\STM32F10x_StdPeriph_Driver\src\stm32f10x_fsmc.c 0x00000000   Number         0  stm32f10x_fsmc.o ABSOLUTE
    ..\src\library\STM32F10x_StdPeriph_Driver\src\stm32f10x_gpio.c 0x00000000   Number         0  stm32f10x_gpio.o ABSOLUTE
    ..\src\library\STM32F10x_StdPeriph_Driver\src\stm32f10x_i2c.c 0x00000000   Number         0  stm32f10x_i2c.o ABSOLUTE
    ..\src\library\STM32F10x_StdPeriph_Driver\src\stm32f10x_iwdg.c 0x00000000   Number         0  stm32f10x_iwdg.o ABSOLUTE
    ..\src\library\STM32F10x_StdPeriph_Driver\src\stm32f10x_pwr.c 0x00000000   Number         0  stm32f10x_pwr.o ABSOLUTE
    ..\src\library\STM32F10x_StdPeriph_Driver\src\stm32f10x_rcc.c 0x00000000   Number         0  stm32f10x_rcc.o ABSOLUTE
    ..\src\library\STM32F10x_StdPeriph_Driver\src\stm32f10x_rtc.c 0x00000000   Number         0  stm32f10x_rtc.o ABSOLUTE
    ..\src\library\STM32F10x_StdPeriph_Driver\src\stm32f10x_sdio.c 0x00000000   Number         0  stm32f10x_sdio.o ABSOLUTE
    ..\src\library\STM32F10x_StdPeriph_Driver\src\stm32f10x_spi.c 0x00000000   Number         0  stm32f10x_spi.o ABSOLUTE
    ..\src\library\STM32F10x_StdPeriph_Driver\src\stm32f10x_tim.c 0x00000000   Number         0  stm32f10x_tim.o ABSOLUTE
    ..\src\library\STM32F10x_StdPeriph_Driver\src\stm32f10x_usart.c 0x00000000   Number         0  stm32f10x_usart.o ABSOLUTE
    ..\src\library\STM32F10x_StdPeriph_Driver\src\stm32f10x_wwdg.c 0x00000000   Number         0  stm32f10x_wwdg.o ABSOLUTE
    ..\src\user\main.c                       0x00000000   Number         0  main.o ABSOLUTE
    cdcmple.s                                0x00000000   Number         0  cdcmple.o ABSOLUTE
    cdrcmple.s                               0x00000000   Number         0  cdrcmple.o ABSOLUTE
    dc.s                                     0x00000000   Number         0  dc.o ABSOLUTE
    handlers.s                               0x00000000   Number         0  handlers.o ABSOLUTE
    init.s                                   0x00000000   Number         0  init.o ABSOLUTE
    RESET                                    0x08000000   Section      236  startup_stm32f10x_md.o(RESET)
    .ARM.Collect$$$$00000000                 0x080000ec   Section        0  entry.o(.ARM.Collect$$$$00000000)
    .ARM.Collect$$$$00000001                 0x080000ec   Section        4  entry2.o(.ARM.Collect$$$$00000001)
    .ARM.Collect$$$$00000004                 0x080000f0   Section        4  entry5.o(.ARM.Collect$$$$00000004)
    .ARM.Collect$$$$00000008                 0x080000f4   Section        0  entry7b.o(.ARM.Collect$$$$00000008)
    .ARM.Collect$$$$0000000A                 0x080000f4   Section        0  entry8b.o(.ARM.Collect$$$$0000000A)
    .ARM.Collect$$$$0000000B                 0x080000f4   Section        8  entry9a.o(.ARM.Collect$$$$0000000B)
    .ARM.Collect$$$$0000000D                 0x080000fc   Section        0  entry10a.o(.ARM.Collect$$$$0000000D)
    .ARM.Collect$$$$0000000F                 0x080000fc   Section        0  entry11a.o(.ARM.Collect$$$$0000000F)
    .ARM.Collect$$$$00002712                 0x080000fc   Section        4  entry2.o(.ARM.Collect$$$$00002712)
    __lit__00000000                          0x080000fc   Data           4  entry2.o(.ARM.Collect$$$$00002712)
    .emb_text                                0x08000100   Section      150  port.o(.emb_text)
    .text                                    0x08000198   Section       36  startup_stm32f10x_md.o(.text)
    .text                                    0x080001bc   Section        0  memseta.o(.text)
    .text                                    0x080001e0   Section        0  strlen.o(.text)
    .text                                    0x080001ee   Section        0  strcpy.o(.text)
    .text                                    0x08000200   Section        0  ddiv.o(.text)
    .text                                    0x080002e0   Section       48  cdrcmple.o(.text)
    .text                                    0x08000310   Section        0  uidiv.o(.text)
    .text                                    0x0800033c   Section        0  uldiv.o(.text)
    .text                                    0x0800039e   Section        0  llushr.o(.text)
    .text                                    0x080003be   Section        0  depilogue.o(.text)
    .text                                    0x080003be   Section        0  iusefp.o(.text)
    .text                                    0x08000478   Section        0  dadd.o(.text)
    .text                                    0x080005c6   Section        0  dmul.o(.text)
    .text                                    0x080006aa   Section        0  dfixul.o(.text)
    .text                                    0x080006dc   Section       36  init.o(.text)
    .text                                    0x08000700   Section        0  llshl.o(.text)
    .text                                    0x0800071e   Section        0  llsshr.o(.text)
    i.BaudRateAnalysis                       0x08000744   Section        0  usart.o(i.BaudRateAnalysis)
    i.BusFault_Handler                       0x0800075c   Section        0  stm32f10x_it.o(i.BusFault_Handler)
    i.ComToUart                              0x08000760   Section        0  usart.o(i.ComToUart)
    i.DebugMon_Handler                       0x08000788   Section        0  stm32f10x_it.o(i.DebugMon_Handler)
    i.GPIO_Init                              0x0800078a   Section        0  stm32f10x_gpio.o(i.GPIO_Init)
    i.GPIO_ResetBits                         0x08000844   Section        0  stm32f10x_gpio.o(i.GPIO_ResetBits)
    i.GPIO_SetBits                           0x08000848   Section        0  stm32f10x_gpio.o(i.GPIO_SetBits)
    i.HardFault_Handler                      0x0800084c   Section        0  stm32f10x_it.o(i.HardFault_Handler)
    i.MemManage_Handler                      0x0800084e   Section        0  stm32f10x_it.o(i.MemManage_Handler)
    i.NMI_Handler                            0x08000850   Section        0  stm32f10x_it.o(i.NMI_Handler)
    i.NVIC_Configuration                     0x08000852   Section        0  main.o(i.NVIC_Configuration)
    NVIC_Configuration                       0x08000853   Thumb Code    24  main.o(i.NVIC_Configuration)
    i.NVIC_Init                              0x0800086c   Section        0  misc.o(i.NVIC_Init)
    i.NVIC_PriorityGroupConfig               0x080008e4   Section        0  misc.o(i.NVIC_PriorityGroupConfig)
    i.NVIC_SetVectorTable                    0x080008f8   Section        0  misc.o(i.NVIC_SetVectorTable)
    i.RCC_APB1PeriphClockCmd                 0x0800090c   Section        0  stm32f10x_rcc.o(i.RCC_APB1PeriphClockCmd)
    i.RCC_APB2PeriphClockCmd                 0x08000928   Section        0  stm32f10x_rcc.o(i.RCC_APB2PeriphClockCmd)
    i.RCC_DeInit                             0x08000944   Section        0  stm32f10x_rcc.o(i.RCC_DeInit)
    i.RCC_GetClocksFreq                      0x08000984   Section        0  stm32f10x_rcc.o(i.RCC_GetClocksFreq)
    i.RTC_ClearITPendingBit                  0x08000a3c   Section        0  stm32f10x_rtc.o(i.RTC_ClearITPendingBit)
    i.RTC_GetITStatus                        0x08000a4c   Section        0  stm32f10x_rtc.o(i.RTC_GetITStatus)
    i.RTC_IRQHandler                         0x08000a70   Section        0  stm32f10x_it.o(i.RTC_IRQHandler)
    i.SetSysClock                            0x08000a88   Section        0  system_stm32f10x.o(i.SetSysClock)
    SetSysClock                              0x08000a89   Thumb Code     4  system_stm32f10x.o(i.SetSysClock)
    i.SetSysClockTo64                        0x08000a8c   Section        0  system_stm32f10x.o(i.SetSysClockTo64)
    SetSysClockTo64                          0x08000a8d   Thumb Code   176  system_stm32f10x.o(i.SetSysClockTo64)
    i.SysTick_CLKSourceConfig                0x08000b44   Section        0  misc.o(i.SysTick_CLKSourceConfig)
    i.SysTick_Configuration                  0x08000b60   Section        0  main.o(i.SysTick_Configuration)
    SysTick_Configuration                    0x08000b61   Thumb Code     6  main.o(i.SysTick_Configuration)
    i.SysTick_Handler                        0x08000b68   Section        0  port.o(i.SysTick_Handler)
    i.SystemInit                             0x08000b94   Section        0  system_stm32f10x.o(i.SystemInit)
    i.TIM4_IRQHandler                        0x08000be4   Section        0  main.o(i.TIM4_IRQHandler)
    i.TIM_ARRPreloadConfig                   0x08000c14   Section        0  stm32f10x_tim.o(i.TIM_ARRPreloadConfig)
    i.TIM_ClearITPendingBit                  0x08000c2c   Section        0  stm32f10x_tim.o(i.TIM_ClearITPendingBit)
    i.TIM_Cmd                                0x08000c32   Section        0  stm32f10x_tim.o(i.TIM_Cmd)
    i.TIM_GetITStatus                        0x08000c4a   Section        0  stm32f10x_tim.o(i.TIM_GetITStatus)
    i.TIM_ITConfig                           0x08000c60   Section        0  stm32f10x_tim.o(i.TIM_ITConfig)
    i.TIM_TimeBaseInit                       0x08000c78   Section        0  stm32f10x_tim.o(i.TIM_TimeBaseInit)
    i.USART1_IRQHandler                      0x08000d18   Section        0  usart.o(i.USART1_IRQHandler)
    i.USART2_IRQHandler                      0x08000d24   Section        0  usart.o(i.USART2_IRQHandler)
    i.USART3_IRQHandler                      0x08000d30   Section        0  usart.o(i.USART3_IRQHandler)
    i.USART_ClearFlag                        0x08000d3c   Section        0  stm32f10x_usart.o(i.USART_ClearFlag)
    i.USART_Cmd                              0x08000d46   Section        0  stm32f10x_usart.o(i.USART_Cmd)
    i.USART_GetFlagStatus                    0x08000d5e   Section        0  stm32f10x_usart.o(i.USART_GetFlagStatus)
    i.USART_GetITStatus                      0x08000d6c   Section        0  stm32f10x_usart.o(i.USART_GetITStatus)
    i.USART_ITConfig                         0x08000db4   Section        0  stm32f10x_usart.o(i.USART_ITConfig)
    i.USART_Init                             0x08000df0   Section        0  stm32f10x_usart.o(i.USART_Init)
    i.USART_ReceiveData                      0x08000eb8   Section        0  stm32f10x_usart.o(i.USART_ReceiveData)
    i.USART_SendData                         0x08000ec0   Section        0  stm32f10x_usart.o(i.USART_SendData)
    i.UartIRQ                                0x08000ec8   Section        0  usart.o(i.UartIRQ)
    UartIRQ                                  0x08000ec9   Thumb Code   194  usart.o(i.UartIRQ)
    i.UartSend                               0x08000f8a   Section        0  usart.o(i.UartSend)
    UartSend                                 0x08000f8b   Thumb Code   124  usart.o(i.UartSend)
    i.UsageFault_Handler                     0x08001006   Section        0  stm32f10x_it.o(i.UsageFault_Handler)
    i._UsartHardInit                         0x08001008   Section        0  usart.o(i._UsartHardInit)
    _UsartHardInit                           0x08001009   Thumb Code   394  usart.o(i._UsartHardInit)
    i._UsartNvicConfig                       0x080011a8   Section        0  usart.o(i._UsartNvicConfig)
    _UsartNvicConfig                         0x080011a9   Thumb Code    80  usart.o(i._UsartNvicConfig)
    i._UsartVarInit                          0x080011f8   Section        0  usart.o(i._UsartVarInit)
    _UsartVarInit                            0x080011f9   Thumb Code   114  usart.o(i._UsartVarInit)
    i.__0printf                              0x0800127c   Section        0  printfa.o(i.__0printf)
    i.__0sprintf                             0x0800129c   Section        0  printfa.o(i.__0sprintf)
    i.__scatterload_copy                     0x080012c4   Section       14  handlers.o(i.__scatterload_copy)
    i.__scatterload_null                     0x080012d2   Section        2  handlers.o(i.__scatterload_null)
    i.__scatterload_zeroinit                 0x080012d4   Section       14  handlers.o(i.__scatterload_zeroinit)
    i._fp_digits                             0x080012e4   Section        0  printfa.o(i._fp_digits)
    _fp_digits                               0x080012e5   Thumb Code   366  printfa.o(i._fp_digits)
    i._led_off                               0x08001468   Section        0  led.o(i._led_off)
    _led_off                                 0x08001469   Thumb Code    14  led.o(i._led_off)
    i._led_on                                0x08001480   Section        0  led.o(i._led_on)
    _led_on                                  0x08001481   Thumb Code    14  led.o(i._led_on)
    i._printf_core                           0x08001498   Section        0  printfa.o(i._printf_core)
    _printf_core                             0x08001499   Thumb Code  1744  printfa.o(i._printf_core)
    i._printf_post_padding                   0x08001b74   Section        0  printfa.o(i._printf_post_padding)
    _printf_post_padding                     0x08001b75   Thumb Code    36  printfa.o(i._printf_post_padding)
    i._printf_pre_padding                    0x08001b98   Section        0  printfa.o(i._printf_pre_padding)
    _printf_pre_padding                      0x08001b99   Thumb Code    46  printfa.o(i._printf_pre_padding)
    i._sputc                                 0x08001bc6   Section        0  printfa.o(i._sputc)
    _sputc                                   0x08001bc7   Thumb Code    10  printfa.o(i._sputc)
    i.bsp_GetRCCofTIM                        0x08001bd0   Section        0  time.o(i.bsp_GetRCCofTIM)
    i.bsp_SetTIMforInt                       0x08001ca0   Section        0  time.o(i.bsp_SetTIMforInt)
    i.comSendBuf                             0x08001e2c   Section        0  usart.o(i.comSendBuf)
    i.comSendChar                            0x08001e52   Section        0  usart.o(i.comSendChar)
    i.eTaskGetState                          0x08001e60   Section        0  tasks.o(i.eTaskGetState)
    i.fputc                                  0x08001eb8   Section        0  usart.o(i.fputc)
    i.led_init                               0x08001ec8   Section        0  led.o(i.led_init)
    i.led_twinkling                          0x08001f00   Section        0  led.o(i.led_twinkling)
    i.main                                   0x08001f14   Section        0  main.o(i.main)
    i.prvAddCurrentTaskToDelayedList         0x08001f90   Section        0  tasks.o(i.prvAddCurrentTaskToDelayedList)
    prvAddCurrentTaskToDelayedList           0x08001f91   Thumb Code   110  tasks.o(i.prvAddCurrentTaskToDelayedList)
    i.prvAddNewTaskToReadyList               0x08002008   Section        0  tasks.o(i.prvAddNewTaskToReadyList)
    prvAddNewTaskToReadyList                 0x08002009   Thumb Code   126  tasks.o(i.prvAddNewTaskToReadyList)
    i.prvCheckTasksWaitingTermination        0x08002094   Section        0  tasks.o(i.prvCheckTasksWaitingTermination)
    prvCheckTasksWaitingTermination          0x08002095   Thumb Code    78  tasks.o(i.prvCheckTasksWaitingTermination)
    i.prvDeleteTCB                           0x080020ec   Section        0  tasks.o(i.prvDeleteTCB)
    prvDeleteTCB                             0x080020ed   Thumb Code    20  tasks.o(i.prvDeleteTCB)
    i.prvHeapInit                            0x08002100   Section        0  heap_4.o(i.prvHeapInit)
    prvHeapInit                              0x08002101   Thumb Code    70  heap_4.o(i.prvHeapInit)
    i.prvIdleTask                            0x08002150   Section        0  tasks.o(i.prvIdleTask)
    prvIdleTask                              0x08002151   Thumb Code    30  tasks.o(i.prvIdleTask)
    i.prvInitialiseNewTask                   0x08002178   Section        0  tasks.o(i.prvInitialiseNewTask)
    prvInitialiseNewTask                     0x08002179   Thumb Code   132  tasks.o(i.prvInitialiseNewTask)
    i.prvInitialiseTaskLists                 0x080021fc   Section        0  tasks.o(i.prvInitialiseTaskLists)
    prvInitialiseTaskLists                   0x080021fd   Thumb Code    66  tasks.o(i.prvInitialiseTaskLists)
    i.prvInsertBlockIntoFreeList             0x0800225c   Section        0  heap_4.o(i.prvInsertBlockIntoFreeList)
    prvInsertBlockIntoFreeList               0x0800225d   Thumb Code    84  heap_4.o(i.prvInsertBlockIntoFreeList)
    i.prvListTasksWithinSingleList           0x080022b8   Section        0  tasks.o(i.prvListTasksWithinSingleList)
    prvListTasksWithinSingleList             0x080022b9   Thumb Code    96  tasks.o(i.prvListTasksWithinSingleList)
    i.prvResetNextTaskUnblockTime            0x08002318   Section        0  tasks.o(i.prvResetNextTaskUnblockTime)
    prvResetNextTaskUnblockTime              0x08002319   Thumb Code    30  tasks.o(i.prvResetNextTaskUnblockTime)
    i.prvSetupHardware                       0x0800233c   Section        0  main.o(i.prvSetupHardware)
    prvSetupHardware                         0x0800233d   Thumb Code    24  main.o(i.prvSetupHardware)
    i.prvTaskCheckFreeStackSpace             0x08002354   Section        0  tasks.o(i.prvTaskCheckFreeStackSpace)
    prvTaskCheckFreeStackSpace               0x08002355   Thumb Code    24  tasks.o(i.prvTaskCheckFreeStackSpace)
    i.prvTaskExitError                       0x0800236c   Section        0  port.o(i.prvTaskExitError)
    prvTaskExitError                         0x0800236d   Thumb Code    16  port.o(i.prvTaskExitError)
    i.prvWriteNameToBuffer                   0x0800237c   Section        0  tasks.o(i.prvWriteNameToBuffer)
    prvWriteNameToBuffer                     0x0800237d   Thumb Code    38  tasks.o(i.prvWriteNameToBuffer)
    i.pvPortMalloc                           0x080023a4   Section        0  heap_4.o(i.pvPortMalloc)
    i.pxPortInitialiseStack                  0x08002448   Section        0  port.o(i.pxPortInitialiseStack)
    i.usart_init                             0x0800246c   Section        0  usart.o(i.usart_init)
    i.uxListRemove                           0x08002482   Section        0  list.o(i.uxListRemove)
    i.uxTaskGetSystemState                   0x080024a8   Section        0  tasks.o(i.uxTaskGetSystemState)
    i.vApp_Task                              0x0800255c   Section        0  main.o(i.vApp_Task)
    vApp_Task                                0x0800255d   Thumb Code    22  main.o(i.vApp_Task)
    i.vLED_Task                              0x08002578   Section        0  main.o(i.vLED_Task)
    vLED_Task                                0x08002579   Thumb Code    22  main.o(i.vLED_Task)
    i.vListInitialise                        0x0800258e   Section        0  list.o(i.vListInitialise)
    i.vListInitialiseItem                    0x080025a4   Section        0  list.o(i.vListInitialiseItem)
    i.vListInsert                            0x080025aa   Section        0  list.o(i.vListInsert)
    i.vListInsertEnd                         0x080025e0   Section        0  list.o(i.vListInsertEnd)
    i.vMgr_Task                              0x080025f8   Section        0  main.o(i.vMgr_Task)
    vMgr_Task                                0x080025f9   Thumb Code    58  main.o(i.vMgr_Task)
    i.vPortEnterCritical                     0x080026bc   Section        0  port.o(i.vPortEnterCritical)
    i.vPortExitCritical                      0x080026d8   Section        0  port.o(i.vPortExitCritical)
    i.vPortFree                              0x080026f0   Section        0  heap_4.o(i.vPortFree)
    i.vPortSetupTimerInterrupt               0x08002730   Section        0  port.o(i.vPortSetupTimerInterrupt)
    i.vSetupSysInfoTest                      0x08002750   Section        0  main.o(i.vSetupSysInfoTest)
    i.vTaskDelay                             0x08002764   Section        0  tasks.o(i.vTaskDelay)
    i.vTaskDelayUntil                        0x08002798   Section        0  tasks.o(i.vTaskDelayUntil)
    i.vTaskDelete                            0x080027f8   Section        0  tasks.o(i.vTaskDelete)
    i.vTaskGetInfo                           0x08002894   Section        0  tasks.o(i.vTaskGetInfo)
    i.vTaskGetRunTimeStats                   0x08002914   Section        0  tasks.o(i.vTaskGetRunTimeStats)
    i.vTaskList                              0x080029e4   Section        0  tasks.o(i.vTaskList)
    i.vTaskStartScheduler                    0x08002aa8   Section        0  tasks.o(i.vTaskStartScheduler)
    i.vTaskSuspendAll                        0x08002b0c   Section        0  tasks.o(i.vTaskSuspendAll)
    i.vTaskSwitchContext                     0x08002b1c   Section        0  tasks.o(i.vTaskSwitchContext)
    i.xPortStartScheduler                    0x08002b84   Section        0  port.o(i.xPortStartScheduler)
    i.xTaskCreate                            0x08002bb4   Section        0  tasks.o(i.xTaskCreate)
    i.xTaskGetTickCount                      0x08002c1c   Section        0  tasks.o(i.xTaskGetTickCount)
    i.xTaskIncrementTick                     0x08002c28   Section        0  tasks.o(i.xTaskIncrementTick)
    i.xTaskResumeAll                         0x08002ce4   Section        0  tasks.o(i.xTaskResumeAll)
    .constdata                               0x08002d98   Section      152  usart.o(.constdata)
    .data                                    0x20000000   Section       20  system_stm32f10x.o(.data)
    .data                                    0x20000014   Section       20  stm32f10x_rcc.o(.data)
    ADCPrescTable                            0x20000014   Data           4  stm32f10x_rcc.o(.data)
    APBAHBPrescTable                         0x20000018   Data          16  stm32f10x_rcc.o(.data)
    .data                                    0x20000028   Section        1  led.o(.data)
    .data                                    0x2000002c   Section       68  tasks.o(.data)
    uxDeletedTasksWaitingCleanUp             0x20000030   Data           4  tasks.o(.data)
    uxCurrentNumberOfTasks                   0x20000034   Data           4  tasks.o(.data)
    xTickCount                               0x20000038   Data           4  tasks.o(.data)
    uxTopReadyPriority                       0x2000003c   Data           4  tasks.o(.data)
    xSchedulerRunning                        0x20000040   Data           4  tasks.o(.data)
    uxPendedTicks                            0x20000044   Data           4  tasks.o(.data)
    xYieldPending                            0x20000048   Data           4  tasks.o(.data)
    xNumOfOverflows                          0x2000004c   Data           4  tasks.o(.data)
    uxTaskNumber                             0x20000050   Data           4  tasks.o(.data)
    xNextTaskUnblockTime                     0x20000054   Data           4  tasks.o(.data)
    xIdleTaskHandle                          0x20000058   Data           4  tasks.o(.data)
    uxSchedulerSuspended                     0x2000005c   Data           4  tasks.o(.data)
    ulTaskSwitchedInTime                     0x20000060   Data           4  tasks.o(.data)
    ulTotalRunTime                           0x20000064   Data           4  tasks.o(.data)
    pxDelayedTaskList                        0x20000068   Data           4  tasks.o(.data)
    pxOverflowDelayedTaskList                0x2000006c   Data           4  tasks.o(.data)
    .data                                    0x20000070   Section        4  port.o(.data)
    uxCriticalNesting                        0x20000070   Data           4  port.o(.data)
    .data                                    0x20000074   Section       24  heap_4.o(.data)
    pxEnd                                    0x20000074   Data           4  heap_4.o(.data)
    xFreeBytesRemaining                      0x20000078   Data           4  heap_4.o(.data)
    xMinimumEverFreeBytesRemaining           0x2000007c   Data           4  heap_4.o(.data)
    xBlockAllocatedBit                       0x20000080   Data           4  heap_4.o(.data)
    xStart                                   0x20000084   Data           8  heap_4.o(.data)
    .data                                    0x2000008c   Section       16  main.o(.data)
    .data                                    0x2000009c   Section        4  stdout.o(.data)
    .bss                                     0x200000a0   Section     6264  usart.o(.bss)
    gLcmUsart                                0x200000a0   Data          40  usart.o(.bss)
    gUsartLcm_TX_Buffer                      0x200000c8   Data        1024  usart.o(.bss)
    gUsartLcm_RX_Buffer                      0x200004c8   Data        1024  usart.o(.bss)
    gCloudUsart                              0x200008c8   Data          40  usart.o(.bss)
    gUsartCloud_TX_Buffer                    0x200008f0   Data        1024  usart.o(.bss)
    gUsartCloud_RX_Buffer                    0x20000cf0   Data        1024  usart.o(.bss)
    gControlUsart                            0x200010f0   Data          40  usart.o(.bss)
    gUsartControl_TX_Buffer                  0x20001118   Data        1024  usart.o(.bss)
    gUsartControl_RX_Buffer                  0x20001518   Data        1024  usart.o(.bss)
    .bss                                     0x20001918   Section      200  tasks.o(.bss)
    pxReadyTasksLists                        0x20001918   Data         100  tasks.o(.bss)
    xDelayedTaskList1                        0x2000197c   Data          20  tasks.o(.bss)
    xDelayedTaskList2                        0x20001990   Data          20  tasks.o(.bss)
    xPendingReadyList                        0x200019a4   Data          20  tasks.o(.bss)
    xTasksWaitingTermination                 0x200019b8   Data          20  tasks.o(.bss)
    xSuspendedTaskList                       0x200019cc   Data          20  tasks.o(.bss)
    .bss                                     0x200019e0   Section     5120  heap_4.o(.bss)
    ucHeap                                   0x200019e0   Data        5120  heap_4.o(.bss)
    STACK                                    0x20002de0   Section     2560  startup_stm32f10x_md.o(STACK)

    Global Symbols

    Symbol Name                              Value     Ov Type        Size  Object(Section)

    BuildAttributes$$THM_ISAv4$P$D$K$B$S$PE$A:L22UL41UL21$X:L11$S22US41US21$IEEE1$IW$USESV6$~STKCKD$USESV7$~SHL$OTIME$ROPI$IEEEJ$EBA8$MICROLIB$REQ8$PRES8$EABIv2 0x00000000   Number         0  anon$$obj.o ABSOLUTE
    __ARM_use_no_argv                        0x00000000   Number         0  main.o ABSOLUTE
    _printf_a                                0x00000000   Number         0  stubs.o ABSOLUTE
    _printf_c                                0x00000000   Number         0  stubs.o ABSOLUTE
    _printf_charcount                        0x00000000   Number         0  stubs.o ABSOLUTE
    _printf_d                                0x00000000   Number         0  stubs.o ABSOLUTE
    _printf_e                                0x00000000   Number         0  stubs.o ABSOLUTE
    _printf_f                                0x00000000   Number         0  stubs.o ABSOLUTE
    _printf_flags                            0x00000000   Number         0  stubs.o ABSOLUTE
    _printf_fp_dec                           0x00000000   Number         0  stubs.o ABSOLUTE
    _printf_fp_hex                           0x00000000   Number         0  stubs.o ABSOLUTE
    _printf_g                                0x00000000   Number         0  stubs.o ABSOLUTE
    _printf_i                                0x00000000   Number         0  stubs.o ABSOLUTE
    _printf_int_dec                          0x00000000   Number         0  stubs.o ABSOLUTE
    _printf_l                                0x00000000   Number         0  stubs.o ABSOLUTE
    _printf_lc                               0x00000000   Number         0  stubs.o ABSOLUTE
    _printf_ll                               0x00000000   Number         0  stubs.o ABSOLUTE
    _printf_lld                              0x00000000   Number         0  stubs.o ABSOLUTE
    _printf_lli                              0x00000000   Number         0  stubs.o ABSOLUTE
    _printf_llo                              0x00000000   Number         0  stubs.o ABSOLUTE
    _printf_llu                              0x00000000   Number         0  stubs.o ABSOLUTE
    _printf_llx                              0x00000000   Number         0  stubs.o ABSOLUTE
    _printf_longlong_dec                     0x00000000   Number         0  stubs.o ABSOLUTE
    _printf_longlong_hex                     0x00000000   Number         0  stubs.o ABSOLUTE
    _printf_longlong_oct                     0x00000000   Number         0  stubs.o ABSOLUTE
    _printf_ls                               0x00000000   Number         0  stubs.o ABSOLUTE
    _printf_mbtowc                           0x00000000   Number         0  stubs.o ABSOLUTE
    _printf_n                                0x00000000   Number         0  stubs.o ABSOLUTE
    _printf_o                                0x00000000   Number         0  stubs.o ABSOLUTE
    _printf_p                                0x00000000   Number         0  stubs.o ABSOLUTE
    _printf_percent                          0x00000000   Number         0  stubs.o ABSOLUTE
    _printf_pre_padding                      0x00000000   Number         0  stubs.o ABSOLUTE
    _printf_return_value                     0x00000000   Number         0  stubs.o ABSOLUTE
    _printf_s                                0x00000000   Number         0  stubs.o ABSOLUTE
    _printf_sizespec                         0x00000000   Number         0  stubs.o ABSOLUTE
    _printf_str                              0x00000000   Number         0  stubs.o ABSOLUTE
    _printf_truncate_signed                  0x00000000   Number         0  stubs.o ABSOLUTE
    _printf_truncate_unsigned                0x00000000   Number         0  stubs.o ABSOLUTE
    _printf_u                                0x00000000   Number         0  stubs.o ABSOLUTE
    _printf_wc                               0x00000000   Number         0  stubs.o ABSOLUTE
    _printf_wctomb                           0x00000000   Number         0  stubs.o ABSOLUTE
    _printf_widthprec                        0x00000000   Number         0  stubs.o ABSOLUTE
    _printf_x                                0x00000000   Number         0  stubs.o ABSOLUTE
    __cpp_initialize__aeabi_                  - Undefined Weak Reference
    __cxa_finalize                            - Undefined Weak Reference
    __decompress                              - Undefined Weak Reference
    _clock_init                               - Undefined Weak Reference
    _microlib_exit                            - Undefined Weak Reference
    _scanf_int                                - Undefined Weak Reference
    _scanf_longlong                           - Undefined Weak Reference
    _scanf_string                             - Undefined Weak Reference
    __Vectors_Size                           0x000000ec   Number         0  startup_stm32f10x_md.o ABSOLUTE
    __Vectors                                0x08000000   Data           4  startup_stm32f10x_md.o(RESET)
    __Vectors_End                            0x080000ec   Data           0  startup_stm32f10x_md.o(RESET)
    __main                                   0x080000ed   Thumb Code     0  entry.o(.ARM.Collect$$$$00000000)
    _main_stk                                0x080000ed   Thumb Code     0  entry2.o(.ARM.Collect$$$$00000001)
    _main_scatterload                        0x080000f1   Thumb Code     0  entry5.o(.ARM.Collect$$$$00000004)
    __main_after_scatterload                 0x080000f5   Thumb Code     0  entry5.o(.ARM.Collect$$$$00000004)
    _main_clock                              0x080000f5   Thumb Code     0  entry7b.o(.ARM.Collect$$$$00000008)
    _main_cpp_init                           0x080000f5   Thumb Code     0  entry8b.o(.ARM.Collect$$$$0000000A)
    _main_init                               0x080000f5   Thumb Code     0  entry9a.o(.ARM.Collect$$$$0000000B)
    __rt_final_cpp                           0x080000fd   Thumb Code     0  entry10a.o(.ARM.Collect$$$$0000000D)
    __rt_final_exit                          0x080000fd   Thumb Code     0  entry11a.o(.ARM.Collect$$$$0000000F)
    SVC_Handler                              0x08000101   Thumb Code    32  port.o(.emb_text)
    __asm___6_port_c_39a90d8d__prvStartFirstTask 0x08000125   Thumb Code    28  port.o(.emb_text)
    PendSV_Handler                           0x08000145   Thumb Code    72  port.o(.emb_text)
    vPortGetIPSR                             0x08000191   Thumb Code     6  port.o(.emb_text)
    Reset_Handler                            0x08000199   Thumb Code     8  startup_stm32f10x_md.o(.text)
    ADC1_2_IRQHandler                        0x080001b3   Thumb Code     0  startup_stm32f10x_md.o(.text)
    CAN1_RX1_IRQHandler                      0x080001b3   Thumb Code     0  startup_stm32f10x_md.o(.text)
    CAN1_SCE_IRQHandler                      0x080001b3   Thumb Code     0  startup_stm32f10x_md.o(.text)
    DMA1_Channel1_IRQHandler                 0x080001b3   Thumb Code     0  startup_stm32f10x_md.o(.text)
    DMA1_Channel2_IRQHandler                 0x080001b3   Thumb Code     0  startup_stm32f10x_md.o(.text)
    DMA1_Channel3_IRQHandler                 0x080001b3   Thumb Code     0  startup_stm32f10x_md.o(.text)
    DMA1_Channel4_IRQHandler                 0x080001b3   Thumb Code     0  startup_stm32f10x_md.o(.text)
    DMA1_Channel5_IRQHandler                 0x080001b3   Thumb Code     0  startup_stm32f10x_md.o(.text)
    DMA1_Channel6_IRQHandler                 0x080001b3   Thumb Code     0  startup_stm32f10x_md.o(.text)
    DMA1_Channel7_IRQHandler                 0x080001b3   Thumb Code     0  startup_stm32f10x_md.o(.text)
    EXTI0_IRQHandler                         0x080001b3   Thumb Code     0  startup_stm32f10x_md.o(.text)
    EXTI15_10_IRQHandler                     0x080001b3   Thumb Code     0  startup_stm32f10x_md.o(.text)
    EXTI1_IRQHandler                         0x080001b3   Thumb Code     0  startup_stm32f10x_md.o(.text)
    EXTI2_IRQHandler                         0x080001b3   Thumb Code     0  startup_stm32f10x_md.o(.text)
    EXTI3_IRQHandler                         0x080001b3   Thumb Code     0  startup_stm32f10x_md.o(.text)
    EXTI4_IRQHandler                         0x080001b3   Thumb Code     0  startup_stm32f10x_md.o(.text)
    EXTI9_5_IRQHandler                       0x080001b3   Thumb Code     0  startup_stm32f10x_md.o(.text)
    FLASH_IRQHandler                         0x080001b3   Thumb Code     0  startup_stm32f10x_md.o(.text)
    I2C1_ER_IRQHandler                       0x080001b3   Thumb Code     0  startup_stm32f10x_md.o(.text)
    I2C1_EV_IRQHandler                       0x080001b3   Thumb Code     0  startup_stm32f10x_md.o(.text)
    I2C2_ER_IRQHandler                       0x080001b3   Thumb Code     0  startup_stm32f10x_md.o(.text)
    I2C2_EV_IRQHandler                       0x080001b3   Thumb Code     0  startup_stm32f10x_md.o(.text)
    PVD_IRQHandler                           0x080001b3   Thumb Code     0  startup_stm32f10x_md.o(.text)
    RCC_IRQHandler                           0x080001b3   Thumb Code     0  startup_stm32f10x_md.o(.text)
    RTCAlarm_IRQHandler                      0x080001b3   Thumb Code     0  startup_stm32f10x_md.o(.text)
    SPI1_IRQHandler                          0x080001b3   Thumb Code     0  startup_stm32f10x_md.o(.text)
    SPI2_IRQHandler                          0x080001b3   Thumb Code     0  startup_stm32f10x_md.o(.text)
    TAMPER_IRQHandler                        0x080001b3   Thumb Code     0  startup_stm32f10x_md.o(.text)
    TIM1_BRK_IRQHandler                      0x080001b3   Thumb Code     0  startup_stm32f10x_md.o(.text)
    TIM1_CC_IRQHandler                       0x080001b3   Thumb Code     0  startup_stm32f10x_md.o(.text)
    TIM1_TRG_COM_IRQHandler                  0x080001b3   Thumb Code     0  startup_stm32f10x_md.o(.text)
    TIM1_UP_IRQHandler                       0x080001b3   Thumb Code     0  startup_stm32f10x_md.o(.text)
    TIM2_IRQHandler                          0x080001b3   Thumb Code     0  startup_stm32f10x_md.o(.text)
    TIM3_IRQHandler                          0x080001b3   Thumb Code     0  startup_stm32f10x_md.o(.text)
    USBWakeUp_IRQHandler                     0x080001b3   Thumb Code     0  startup_stm32f10x_md.o(.text)
    USB_HP_CAN1_TX_IRQHandler                0x080001b3   Thumb Code     0  startup_stm32f10x_md.o(.text)
    USB_LP_CAN1_RX0_IRQHandler               0x080001b3   Thumb Code     0  startup_stm32f10x_md.o(.text)
    WWDG_IRQHandler                          0x080001b3   Thumb Code     0  startup_stm32f10x_md.o(.text)
    __aeabi_memset                           0x080001bd   Thumb Code    14  memseta.o(.text)
    __aeabi_memset4                          0x080001bd   Thumb Code     0  memseta.o(.text)
    __aeabi_memset8                          0x080001bd   Thumb Code     0  memseta.o(.text)
    __aeabi_memclr                           0x080001cb   Thumb Code     4  memseta.o(.text)
    __aeabi_memclr4                          0x080001cb   Thumb Code     0  memseta.o(.text)
    __aeabi_memclr8                          0x080001cb   Thumb Code     0  memseta.o(.text)
    _memset$wrapper                          0x080001cf   Thumb Code    18  memseta.o(.text)
    strlen                                   0x080001e1   Thumb Code    14  strlen.o(.text)
    strcpy                                   0x080001ef   Thumb Code    18  strcpy.o(.text)
    __aeabi_ddiv                             0x08000201   Thumb Code   222  ddiv.o(.text)
    __aeabi_cdrcmple                         0x080002e1   Thumb Code    48  cdrcmple.o(.text)
    __aeabi_uidiv                            0x08000311   Thumb Code     0  uidiv.o(.text)
    __aeabi_uidivmod                         0x08000311   Thumb Code    44  uidiv.o(.text)
    __aeabi_uldivmod                         0x0800033d   Thumb Code    98  uldiv.o(.text)
    __aeabi_llsr                             0x0800039f   Thumb Code    32  llushr.o(.text)
    _ll_ushift_r                             0x0800039f   Thumb Code     0  llushr.o(.text)
    __I$use$fp                               0x080003bf   Thumb Code     0  iusefp.o(.text)
    _double_round                            0x080003bf   Thumb Code    30  depilogue.o(.text)
    _double_epilogue                         0x080003dd   Thumb Code   156  depilogue.o(.text)
    __aeabi_dadd                             0x08000479   Thumb Code   322  dadd.o(.text)
    __aeabi_dsub                             0x080005bb   Thumb Code     6  dadd.o(.text)
    __aeabi_drsub                            0x080005c1   Thumb Code     6  dadd.o(.text)
    __aeabi_dmul                             0x080005c7   Thumb Code   228  dmul.o(.text)
    __aeabi_d2ulz                            0x080006ab   Thumb Code    48  dfixul.o(.text)
    __scatterload                            0x080006dd   Thumb Code    28  init.o(.text)
    __scatterload_rt2                        0x080006dd   Thumb Code     0  init.o(.text)
    __aeabi_llsl                             0x08000701   Thumb Code    30  llshl.o(.text)
    _ll_shift_l                              0x08000701   Thumb Code     0  llshl.o(.text)
    __aeabi_lasr                             0x0800071f   Thumb Code    36  llsshr.o(.text)
    _ll_sshift_r                             0x0800071f   Thumb Code     0  llsshr.o(.text)
    BaudRateAnalysis                         0x08000745   Thumb Code    20  usart.o(i.BaudRateAnalysis)
    BusFault_Handler                         0x0800075d   Thumb Code     2  stm32f10x_it.o(i.BusFault_Handler)
    ComToUart                                0x08000761   Thumb Code    28  usart.o(i.ComToUart)
    DebugMon_Handler                         0x08000789   Thumb Code     2  stm32f10x_it.o(i.DebugMon_Handler)
    GPIO_Init                                0x0800078b   Thumb Code   186  stm32f10x_gpio.o(i.GPIO_Init)
    GPIO_ResetBits                           0x08000845   Thumb Code     4  stm32f10x_gpio.o(i.GPIO_ResetBits)
    GPIO_SetBits                             0x08000849   Thumb Code     4  stm32f10x_gpio.o(i.GPIO_SetBits)
    HardFault_Handler                        0x0800084d   Thumb Code     2  stm32f10x_it.o(i.HardFault_Handler)
    MemManage_Handler                        0x0800084f   Thumb Code     2  stm32f10x_it.o(i.MemManage_Handler)
    NMI_Handler                              0x08000851   Thumb Code     2  stm32f10x_it.o(i.NMI_Handler)
    NVIC_Init                                0x0800086d   Thumb Code   116  misc.o(i.NVIC_Init)
    NVIC_PriorityGroupConfig                 0x080008e5   Thumb Code    14  misc.o(i.NVIC_PriorityGroupConfig)
    NVIC_SetVectorTable                      0x080008f9   Thumb Code    16  misc.o(i.NVIC_SetVectorTable)
    RCC_APB1PeriphClockCmd                   0x0800090d   Thumb Code    24  stm32f10x_rcc.o(i.RCC_APB1PeriphClockCmd)
    RCC_APB2PeriphClockCmd                   0x08000929   Thumb Code    24  stm32f10x_rcc.o(i.RCC_APB2PeriphClockCmd)
    RCC_DeInit                               0x08000945   Thumb Code    54  stm32f10x_rcc.o(i.RCC_DeInit)
    RCC_GetClocksFreq                        0x08000985   Thumb Code   166  stm32f10x_rcc.o(i.RCC_GetClocksFreq)
    RTC_ClearITPendingBit                    0x08000a3d   Thumb Code    12  stm32f10x_rtc.o(i.RTC_ClearITPendingBit)
    RTC_GetITStatus                          0x08000a4d   Thumb Code    26  stm32f10x_rtc.o(i.RTC_GetITStatus)
    RTC_IRQHandler                           0x08000a71   Thumb Code    24  stm32f10x_it.o(i.RTC_IRQHandler)
    SysTick_CLKSourceConfig                  0x08000b45   Thumb Code    28  misc.o(i.SysTick_CLKSourceConfig)
    SysTick_Handler                          0x08000b69   Thumb Code    38  port.o(i.SysTick_Handler)
    SystemInit                               0x08000b95   Thumb Code    68  system_stm32f10x.o(i.SystemInit)
    TIM4_IRQHandler                          0x08000be5   Thumb Code    38  main.o(i.TIM4_IRQHandler)
    TIM_ARRPreloadConfig                     0x08000c15   Thumb Code    24  stm32f10x_tim.o(i.TIM_ARRPreloadConfig)
    TIM_ClearITPendingBit                    0x08000c2d   Thumb Code     6  stm32f10x_tim.o(i.TIM_ClearITPendingBit)
    TIM_Cmd                                  0x08000c33   Thumb Code    24  stm32f10x_tim.o(i.TIM_Cmd)
    TIM_GetITStatus                          0x08000c4b   Thumb Code    22  stm32f10x_tim.o(i.TIM_GetITStatus)
    TIM_ITConfig                             0x08000c61   Thumb Code    22  stm32f10x_tim.o(i.TIM_ITConfig)
    TIM_TimeBaseInit                         0x08000c79   Thumb Code   150  stm32f10x_tim.o(i.TIM_TimeBaseInit)
    USART1_IRQHandler                        0x08000d19   Thumb Code     6  usart.o(i.USART1_IRQHandler)
    USART2_IRQHandler                        0x08000d25   Thumb Code     6  usart.o(i.USART2_IRQHandler)
    USART3_IRQHandler                        0x08000d31   Thumb Code     6  usart.o(i.USART3_IRQHandler)
    USART_ClearFlag                          0x08000d3d   Thumb Code    10  stm32f10x_usart.o(i.USART_ClearFlag)
    USART_Cmd                                0x08000d47   Thumb Code    24  stm32f10x_usart.o(i.USART_Cmd)
    USART_GetFlagStatus                      0x08000d5f   Thumb Code    14  stm32f10x_usart.o(i.USART_GetFlagStatus)
    USART_GetITStatus                        0x08000d6d   Thumb Code    72  stm32f10x_usart.o(i.USART_GetITStatus)
    USART_ITConfig                           0x08000db5   Thumb Code    58  stm32f10x_usart.o(i.USART_ITConfig)
    USART_Init                               0x08000df1   Thumb Code   194  stm32f10x_usart.o(i.USART_Init)
    USART_ReceiveData                        0x08000eb9   Thumb Code     8  stm32f10x_usart.o(i.USART_ReceiveData)
    USART_SendData                           0x08000ec1   Thumb Code     8  stm32f10x_usart.o(i.USART_SendData)
    UsageFault_Handler                       0x08001007   Thumb Code     2  stm32f10x_it.o(i.UsageFault_Handler)
    __0printf                                0x0800127d   Thumb Code    22  printfa.o(i.__0printf)
    __1printf                                0x0800127d   Thumb Code     0  printfa.o(i.__0printf)
    __2printf                                0x0800127d   Thumb Code     0  printfa.o(i.__0printf)
    __c89printf                              0x0800127d   Thumb Code     0  printfa.o(i.__0printf)
    printf                                   0x0800127d   Thumb Code     0  printfa.o(i.__0printf)
    __0sprintf                               0x0800129d   Thumb Code    34  printfa.o(i.__0sprintf)
    __1sprintf                               0x0800129d   Thumb Code     0  printfa.o(i.__0sprintf)
    __2sprintf                               0x0800129d   Thumb Code     0  printfa.o(i.__0sprintf)
    __c89sprintf                             0x0800129d   Thumb Code     0  printfa.o(i.__0sprintf)
    sprintf                                  0x0800129d   Thumb Code     0  printfa.o(i.__0sprintf)
    __scatterload_copy                       0x080012c5   Thumb Code    14  handlers.o(i.__scatterload_copy)
    __scatterload_null                       0x080012d3   Thumb Code     2  handlers.o(i.__scatterload_null)
    __scatterload_zeroinit                   0x080012d5   Thumb Code    14  handlers.o(i.__scatterload_zeroinit)
    bsp_GetRCCofTIM                          0x08001bd1   Thumb Code   208  time.o(i.bsp_GetRCCofTIM)
    bsp_SetTIMforInt                         0x08001ca1   Thumb Code   374  time.o(i.bsp_SetTIMforInt)
    comSendBuf                               0x08001e2d   Thumb Code    38  usart.o(i.comSendBuf)
    comSendChar                              0x08001e53   Thumb Code    14  usart.o(i.comSendChar)
    eTaskGetState                            0x08001e61   Thumb Code    76  tasks.o(i.eTaskGetState)
    fputc                                    0x08001eb9   Thumb Code    16  usart.o(i.fputc)
    led_init                                 0x08001ec9   Thumb Code    48  led.o(i.led_init)
    led_twinkling                            0x08001f01   Thumb Code    16  led.o(i.led_twinkling)
    main                                     0x08001f15   Thumb Code    74  main.o(i.main)
    pvPortMalloc                             0x080023a5   Thumb Code   154  heap_4.o(i.pvPortMalloc)
    pxPortInitialiseStack                    0x08002449   Thumb Code    30  port.o(i.pxPortInitialiseStack)
    usart_init                               0x0800246d   Thumb Code    22  usart.o(i.usart_init)
    uxListRemove                             0x08002483   Thumb Code    36  list.o(i.uxListRemove)
    uxTaskGetSystemState                     0x080024a9   Thumb Code   158  tasks.o(i.uxTaskGetSystemState)
    vListInitialise                          0x0800258f   Thumb Code    22  list.o(i.vListInitialise)
    vListInitialiseItem                      0x080025a5   Thumb Code     6  list.o(i.vListInitialiseItem)
    vListInsert                              0x080025ab   Thumb Code    54  list.o(i.vListInsert)
    vListInsertEnd                           0x080025e1   Thumb Code    24  list.o(i.vListInsertEnd)
    vPortEnterCritical                       0x080026bd   Thumb Code    24  port.o(i.vPortEnterCritical)
    vPortExitCritical                        0x080026d9   Thumb Code    18  port.o(i.vPortExitCritical)
    vPortFree                                0x080026f1   Thumb Code    58  heap_4.o(i.vPortFree)
    vPortSetupTimerInterrupt                 0x08002731   Thumb Code    26  port.o(i.vPortSetupTimerInterrupt)
    vSetupSysInfoTest                        0x08002751   Thumb Code    14  main.o(i.vSetupSysInfoTest)
    vTaskDelay                               0x08002765   Thumb Code    48  tasks.o(i.vTaskDelay)
    vTaskDelayUntil                          0x08002799   Thumb Code    88  tasks.o(i.vTaskDelayUntil)
    vTaskDelete                              0x080027f9   Thumb Code   140  tasks.o(i.vTaskDelete)
    vTaskGetInfo                             0x08002895   Thumb Code   122  tasks.o(i.vTaskGetInfo)
    vTaskGetRunTimeStats                     0x08002915   Thumb Code   174  tasks.o(i.vTaskGetRunTimeStats)
    vTaskList                                0x080029e5   Thumb Code   176  tasks.o(i.vTaskList)
    vTaskStartScheduler                      0x08002aa9   Thumb Code    74  tasks.o(i.vTaskStartScheduler)
    vTaskSuspendAll                          0x08002b0d   Thumb Code    10  tasks.o(i.vTaskSuspendAll)
    vTaskSwitchContext                       0x08002b1d   Thumb Code    90  tasks.o(i.vTaskSwitchContext)
    xPortStartScheduler                      0x08002b85   Thumb Code    38  port.o(i.xPortStartScheduler)
    xTaskCreate                              0x08002bb5   Thumb Code   104  tasks.o(i.xTaskCreate)
    xTaskGetTickCount                        0x08002c1d   Thumb Code     6  tasks.o(i.xTaskGetTickCount)
    xTaskIncrementTick                       0x08002c29   Thumb Code   178  tasks.o(i.xTaskIncrementTick)
    xTaskResumeAll                           0x08002ce5   Thumb Code   168  tasks.o(i.xTaskResumeAll)
    BaudRateTabel                            0x08002d98   Data         152  usart.o(.constdata)
    Region$$Table$$Base                      0x08002e30   Number         0  anon$$obj.o(Region$$Table)
    Region$$Table$$Limit                     0x08002e50   Number         0  anon$$obj.o(Region$$Table)
    SystemCoreClock                          0x20000000   Data           4  system_stm32f10x.o(.data)
    AHBPrescTable                            0x20000004   Data          16  system_stm32f10x.o(.data)
    LedStatus                                0x20000028   Data           1  led.o(.data)
    pxCurrentTCB                             0x2000002c   Data           4  tasks.o(.data)
    ulHighFrequencyTimerTicks                0x2000008c   Data           4  main.o(.data)
    LedTask_Handler                          0x20000090   Data           4  main.o(.data)
    MgrTask_Handler                          0x20000094   Data           4  main.o(.data)
    AppTask_Handler                          0x20000098   Data           4  main.o(.data)
    __stdout                                 0x2000009c   Data           4  stdout.o(.data)
    __initial_sp                             0x200037e0   Data           0  startup_stm32f10x_md.o(STACK)



==============================================================================

Memory Map of the image

  Image Entry point : 0x080000ed

  Load Region LR_IROM1 (Base: 0x08000000, Size: 0x00002ef0, Max: 0x00010000, ABSOLUTE)

    Execution Region ER_IROM1 (Exec base: 0x08000000, Load base: 0x08000000, Size: 0x00002e50, Max: 0x00010000, ABSOLUTE)

    Exec Addr    Load Addr    Size         Type   Attr      Idx    E Section Name        Object

    0x08000000   0x08000000   0x000000ec   Data   RO            3    RESET               startup_stm32f10x_md.o
    0x080000ec   0x080000ec   0x00000000   Code   RO         4944  * .ARM.Collect$$$$00000000  mc_w.l(entry.o)
    0x080000ec   0x080000ec   0x00000004   Code   RO         5270    .ARM.Collect$$$$00000001  mc_w.l(entry2.o)
    0x080000f0   0x080000f0   0x00000004   Code   RO         5273    .ARM.Collect$$$$00000004  mc_w.l(entry5.o)
    0x080000f4   0x080000f4   0x00000000   Code   RO         5275    .ARM.Collect$$$$00000008  mc_w.l(entry7b.o)
    0x080000f4   0x080000f4   0x00000000   Code   RO         5277    .ARM.Collect$$$$0000000A  mc_w.l(entry8b.o)
    0x080000f4   0x080000f4   0x00000008   Code   RO         5278    .ARM.Collect$$$$0000000B  mc_w.l(entry9a.o)
    0x080000fc   0x080000fc   0x00000000   Code   RO         5280    .ARM.Collect$$$$0000000D  mc_w.l(entry10a.o)
    0x080000fc   0x080000fc   0x00000000   Code   RO         5282    .ARM.Collect$$$$0000000F  mc_w.l(entry11a.o)
    0x080000fc   0x080000fc   0x00000004   Code   RO         5271    .ARM.Collect$$$$00002712  mc_w.l(entry2.o)
    0x08000100   0x08000100   0x00000096   Code   RO         4026    .emb_text           port.o
    0x08000196   0x08000196   0x00000002   PAD
    0x08000198   0x08000198   0x00000024   Code   RO            4    .text               startup_stm32f10x_md.o
    0x080001bc   0x080001bc   0x00000024   Code   RO         4951    .text               mc_w.l(memseta.o)
    0x080001e0   0x080001e0   0x0000000e   Code   RO         4953    .text               mc_w.l(strlen.o)
    0x080001ee   0x080001ee   0x00000012   Code   RO         4957    .text               mc_w.l(strcpy.o)
    0x08000200   0x08000200   0x000000de   Code   RO         5258    .text               mf_w.l(ddiv.o)
    0x080002de   0x080002de   0x00000002   PAD
    0x080002e0   0x080002e0   0x00000030   Code   RO         5268    .text               mf_w.l(cdrcmple.o)
    0x08000310   0x08000310   0x0000002c   Code   RO         5285    .text               mc_w.l(uidiv.o)
    0x0800033c   0x0800033c   0x00000062   Code   RO         5287    .text               mc_w.l(uldiv.o)
    0x0800039e   0x0800039e   0x00000020   Code   RO         5289    .text               mc_w.l(llushr.o)
    0x080003be   0x080003be   0x00000000   Code   RO         5299    .text               mc_w.l(iusefp.o)
    0x080003be   0x080003be   0x000000ba   Code   RO         5300    .text               mf_w.l(depilogue.o)
    0x08000478   0x08000478   0x0000014e   Code   RO         5302    .text               mf_w.l(dadd.o)
    0x080005c6   0x080005c6   0x000000e4   Code   RO         5304    .text               mf_w.l(dmul.o)
    0x080006aa   0x080006aa   0x00000030   Code   RO         5308    .text               mf_w.l(dfixul.o)
    0x080006da   0x080006da   0x00000002   PAD
    0x080006dc   0x080006dc   0x00000024   Code   RO         5312    .text               mc_w.l(init.o)
    0x08000700   0x08000700   0x0000001e   Code   RO         5314    .text               mc_w.l(llshl.o)
    0x0800071e   0x0800071e   0x00000024   Code   RO         5316    .text               mc_w.l(llsshr.o)
    0x08000742   0x08000742   0x00000002   PAD
    0x08000744   0x08000744   0x00000018   Code   RO         3146    i.BaudRateAnalysis  usart.o
    0x0800075c   0x0800075c   0x00000002   Code   RO         4817    i.BusFault_Handler  stm32f10x_it.o
    0x0800075e   0x0800075e   0x00000002   PAD
    0x08000760   0x08000760   0x00000028   Code   RO         3147    i.ComToUart         usart.o
    0x08000788   0x08000788   0x00000002   Code   RO         4818    i.DebugMon_Handler  stm32f10x_it.o
    0x0800078a   0x0800078a   0x000000ba   Code   RO         1292    i.GPIO_Init         stm32f10x_gpio.o
    0x08000844   0x08000844   0x00000004   Code   RO         1299    i.GPIO_ResetBits    stm32f10x_gpio.o
    0x08000848   0x08000848   0x00000004   Code   RO         1300    i.GPIO_SetBits      stm32f10x_gpio.o
    0x0800084c   0x0800084c   0x00000002   Code   RO         4819    i.HardFault_Handler  stm32f10x_it.o
    0x0800084e   0x0800084e   0x00000002   Code   RO         4820    i.MemManage_Handler  stm32f10x_it.o
    0x08000850   0x08000850   0x00000002   Code   RO         4821    i.NMI_Handler       stm32f10x_it.o
    0x08000852   0x08000852   0x00000018   Code   RO         4868    i.NVIC_Configuration  main.o
    0x0800086a   0x0800086a   0x00000002   PAD
    0x0800086c   0x0800086c   0x00000078   Code   RO          137    i.NVIC_Init         misc.o
    0x080008e4   0x080008e4   0x00000014   Code   RO          138    i.NVIC_PriorityGroupConfig  misc.o
    0x080008f8   0x080008f8   0x00000014   Code   RO          139    i.NVIC_SetVectorTable  misc.o
    0x0800090c   0x0800090c   0x0000001c   Code   RO         1708    i.RCC_APB1PeriphClockCmd  stm32f10x_rcc.o
    0x08000928   0x08000928   0x0000001c   Code   RO         1710    i.RCC_APB2PeriphClockCmd  stm32f10x_rcc.o
    0x08000944   0x08000944   0x00000040   Code   RO         1717    i.RCC_DeInit        stm32f10x_rcc.o
    0x08000984   0x08000984   0x000000b8   Code   RO         1718    i.RCC_GetClocksFreq  stm32f10x_rcc.o
    0x08000a3c   0x08000a3c   0x00000010   Code   RO         1907    i.RTC_ClearITPendingBit  stm32f10x_rtc.o
    0x08000a4c   0x08000a4c   0x00000024   Code   RO         1913    i.RTC_GetITStatus   stm32f10x_rtc.o
    0x08000a70   0x08000a70   0x00000018   Code   RO         4822    i.RTC_IRQHandler    stm32f10x_it.o
    0x08000a88   0x08000a88   0x00000004   Code   RO           24    i.SetSysClock       system_stm32f10x.o
    0x08000a8c   0x08000a8c   0x000000b8   Code   RO           25    i.SetSysClockTo64   system_stm32f10x.o
    0x08000b44   0x08000b44   0x0000001c   Code   RO          141    i.SysTick_CLKSourceConfig  misc.o
    0x08000b60   0x08000b60   0x00000006   Code   RO         4869    i.SysTick_Configuration  main.o
    0x08000b66   0x08000b66   0x00000002   PAD
    0x08000b68   0x08000b68   0x0000002c   Code   RO         4027    i.SysTick_Handler   port.o
    0x08000b94   0x08000b94   0x00000050   Code   RO           27    i.SystemInit        system_stm32f10x.o
    0x08000be4   0x08000be4   0x00000030   Code   RO         4870    i.TIM4_IRQHandler   main.o
    0x08000c14   0x08000c14   0x00000018   Code   RO         2330    i.TIM_ARRPreloadConfig  stm32f10x_tim.o
    0x08000c2c   0x08000c2c   0x00000006   Code   RO         2337    i.TIM_ClearITPendingBit  stm32f10x_tim.o
    0x08000c32   0x08000c32   0x00000018   Code   RO         2342    i.TIM_Cmd           stm32f10x_tim.o
    0x08000c4a   0x08000c4a   0x00000016   Code   RO         2363    i.TIM_GetITStatus   stm32f10x_tim.o
    0x08000c60   0x08000c60   0x00000016   Code   RO         2367    i.TIM_ITConfig      stm32f10x_tim.o
    0x08000c76   0x08000c76   0x00000002   PAD
    0x08000c78   0x08000c78   0x000000a0   Code   RO         2413    i.TIM_TimeBaseInit  stm32f10x_tim.o
    0x08000d18   0x08000d18   0x0000000c   Code   RO         3148    i.USART1_IRQHandler  usart.o
    0x08000d24   0x08000d24   0x0000000c   Code   RO         3149    i.USART2_IRQHandler  usart.o
    0x08000d30   0x08000d30   0x0000000c   Code   RO         3150    i.USART3_IRQHandler  usart.o
    0x08000d3c   0x08000d3c   0x0000000a   Code   RO         2874    i.USART_ClearFlag   stm32f10x_usart.o
    0x08000d46   0x08000d46   0x00000018   Code   RO         2878    i.USART_Cmd         stm32f10x_usart.o
    0x08000d5e   0x08000d5e   0x0000000e   Code   RO         2881    i.USART_GetFlagStatus  stm32f10x_usart.o
    0x08000d6c   0x08000d6c   0x00000048   Code   RO         2882    i.USART_GetITStatus  stm32f10x_usart.o
    0x08000db4   0x08000db4   0x0000003a   Code   RO         2884    i.USART_ITConfig    stm32f10x_usart.o
    0x08000dee   0x08000dee   0x00000002   PAD
    0x08000df0   0x08000df0   0x000000c8   Code   RO         2885    i.USART_Init        stm32f10x_usart.o
    0x08000eb8   0x08000eb8   0x00000008   Code   RO         2892    i.USART_ReceiveData  stm32f10x_usart.o
    0x08000ec0   0x08000ec0   0x00000008   Code   RO         2895    i.USART_SendData    stm32f10x_usart.o
    0x08000ec8   0x08000ec8   0x000000c2   Code   RO         3152    i.UartIRQ           usart.o
    0x08000f8a   0x08000f8a   0x0000007c   Code   RO         3153    i.UartSend          usart.o
    0x08001006   0x08001006   0x00000002   Code   RO         4823    i.UsageFault_Handler  stm32f10x_it.o
    0x08001008   0x08001008   0x000001a0   Code   RO         3154    i._UsartHardInit    usart.o
    0x080011a8   0x080011a8   0x00000050   Code   RO         3155    i._UsartNvicConfig  usart.o
    0x080011f8   0x080011f8   0x00000084   Code   RO         3156    i._UsartVarInit     usart.o
    0x0800127c   0x0800127c   0x00000020   Code   RO         5196    i.__0printf         mc_w.l(printfa.o)
    0x0800129c   0x0800129c   0x00000028   Code   RO         5198    i.__0sprintf        mc_w.l(printfa.o)
    0x080012c4   0x080012c4   0x0000000e   Code   RO         5329    i.__scatterload_copy  mc_w.l(handlers.o)
    0x080012d2   0x080012d2   0x00000002   Code   RO         5330    i.__scatterload_null  mc_w.l(handlers.o)
    0x080012d4   0x080012d4   0x0000000e   Code   RO         5331    i.__scatterload_zeroinit  mc_w.l(handlers.o)
    0x080012e2   0x080012e2   0x00000002   PAD
    0x080012e4   0x080012e4   0x00000184   Code   RO         5203    i._fp_digits        mc_w.l(printfa.o)
    0x08001468   0x08001468   0x00000018   Code   RO         3108    i._led_off          led.o
    0x08001480   0x08001480   0x00000018   Code   RO         3109    i._led_on           led.o
    0x08001498   0x08001498   0x000006dc   Code   RO         5204    i._printf_core      mc_w.l(printfa.o)
    0x08001b74   0x08001b74   0x00000024   Code   RO         5205    i._printf_post_padding  mc_w.l(printfa.o)
    0x08001b98   0x08001b98   0x0000002e   Code   RO         5206    i._printf_pre_padding  mc_w.l(printfa.o)
    0x08001bc6   0x08001bc6   0x0000000a   Code   RO         5208    i._sputc            mc_w.l(printfa.o)
    0x08001bd0   0x08001bd0   0x000000d0   Code   RO         3313    i.bsp_GetRCCofTIM   time.o
    0x08001ca0   0x08001ca0   0x0000018c   Code   RO         3316    i.bsp_SetTIMforInt  time.o
    0x08001e2c   0x08001e2c   0x00000026   Code   RO         3162    i.comSendBuf        usart.o
    0x08001e52   0x08001e52   0x0000000e   Code   RO         3163    i.comSendChar       usart.o
    0x08001e60   0x08001e60   0x00000058   Code   RO         3483    i.eTaskGetState     tasks.o
    0x08001eb8   0x08001eb8   0x00000010   Code   RO         3165    i.fputc             usart.o
    0x08001ec8   0x08001ec8   0x00000038   Code   RO         3110    i.led_init          led.o
    0x08001f00   0x08001f00   0x00000014   Code   RO         3111    i.led_twinkling     led.o
    0x08001f14   0x08001f14   0x0000007c   Code   RO         4871    i.main              main.o
    0x08001f90   0x08001f90   0x00000078   Code   RO         3485    i.prvAddCurrentTaskToDelayedList  tasks.o
    0x08002008   0x08002008   0x0000008c   Code   RO         3486    i.prvAddNewTaskToReadyList  tasks.o
    0x08002094   0x08002094   0x00000058   Code   RO         3487    i.prvCheckTasksWaitingTermination  tasks.o
    0x080020ec   0x080020ec   0x00000014   Code   RO         3488    i.prvDeleteTCB      tasks.o
    0x08002100   0x08002100   0x00000050   Code   RO         4103    i.prvHeapInit       heap_4.o
    0x08002150   0x08002150   0x00000028   Code   RO         3489    i.prvIdleTask       tasks.o
    0x08002178   0x08002178   0x00000084   Code   RO         3490    i.prvInitialiseNewTask  tasks.o
    0x080021fc   0x080021fc   0x00000060   Code   RO         3491    i.prvInitialiseTaskLists  tasks.o
    0x0800225c   0x0800225c   0x0000005c   Code   RO         4104    i.prvInsertBlockIntoFreeList  heap_4.o
    0x080022b8   0x080022b8   0x00000060   Code   RO         3492    i.prvListTasksWithinSingleList  tasks.o
    0x08002318   0x08002318   0x00000024   Code   RO         3493    i.prvResetNextTaskUnblockTime  tasks.o
    0x0800233c   0x0800233c   0x00000018   Code   RO         4872    i.prvSetupHardware  main.o
    0x08002354   0x08002354   0x00000018   Code   RO         3494    i.prvTaskCheckFreeStackSpace  tasks.o
    0x0800236c   0x0800236c   0x00000010   Code   RO         4028    i.prvTaskExitError  port.o
    0x0800237c   0x0800237c   0x00000026   Code   RO         3496    i.prvWriteNameToBuffer  tasks.o
    0x080023a2   0x080023a2   0x00000002   PAD
    0x080023a4   0x080023a4   0x000000a4   Code   RO         4105    i.pvPortMalloc      heap_4.o
    0x08002448   0x08002448   0x00000024   Code   RO         4029    i.pxPortInitialiseStack  port.o
    0x0800246c   0x0800246c   0x00000016   Code   RO         3166    i.usart_init        usart.o
    0x08002482   0x08002482   0x00000024   Code   RO         3837    i.uxListRemove      list.o
    0x080024a6   0x080024a6   0x00000002   PAD
    0x080024a8   0x080024a8   0x000000b4   Code   RO         3499    i.uxTaskGetSystemState  tasks.o
    0x0800255c   0x0800255c   0x0000001c   Code   RO         4873    i.vApp_Task         main.o
    0x08002578   0x08002578   0x00000016   Code   RO         4874    i.vLED_Task         main.o
    0x0800258e   0x0800258e   0x00000016   Code   RO         3838    i.vListInitialise   list.o
    0x080025a4   0x080025a4   0x00000006   Code   RO         3839    i.vListInitialiseItem  list.o
    0x080025aa   0x080025aa   0x00000036   Code   RO         3840    i.vListInsert       list.o
    0x080025e0   0x080025e0   0x00000018   Code   RO         3841    i.vListInsertEnd    list.o
    0x080025f8   0x080025f8   0x000000c4   Code   RO         4875    i.vMgr_Task         main.o
    0x080026bc   0x080026bc   0x0000001c   Code   RO         4031    i.vPortEnterCritical  port.o
    0x080026d8   0x080026d8   0x00000018   Code   RO         4032    i.vPortExitCritical  port.o
    0x080026f0   0x080026f0   0x00000040   Code   RO         4106    i.vPortFree         heap_4.o
    0x08002730   0x08002730   0x00000020   Code   RO         4033    i.vPortSetupTimerInterrupt  port.o
    0x08002750   0x08002750   0x00000014   Code   RO         4876    i.vSetupSysInfoTest  main.o
    0x08002764   0x08002764   0x00000034   Code   RO         3504    i.vTaskDelay        tasks.o
    0x08002798   0x08002798   0x00000060   Code   RO         3505    i.vTaskDelayUntil   tasks.o
    0x080027f8   0x080027f8   0x0000009c   Code   RO         3506    i.vTaskDelete       tasks.o
    0x08002894   0x08002894   0x00000080   Code   RO         3508    i.vTaskGetInfo      tasks.o
    0x08002914   0x08002914   0x000000d0   Code   RO         3509    i.vTaskGetRunTimeStats  tasks.o
    0x080029e4   0x080029e4   0x000000c4   Code   RO         3510    i.vTaskList         tasks.o
    0x08002aa8   0x08002aa8   0x00000064   Code   RO         3519    i.vTaskStartScheduler  tasks.o
    0x08002b0c   0x08002b0c   0x00000010   Code   RO         3521    i.vTaskSuspendAll   tasks.o
    0x08002b1c   0x08002b1c   0x00000068   Code   RO         3522    i.vTaskSwitchContext  tasks.o
    0x08002b84   0x08002b84   0x00000030   Code   RO         4034    i.xPortStartScheduler  port.o
    0x08002bb4   0x08002bb4   0x00000068   Code   RO         3524    i.xTaskCreate       tasks.o
    0x08002c1c   0x08002c1c   0x0000000c   Code   RO         3527    i.xTaskGetTickCount  tasks.o
    0x08002c28   0x08002c28   0x000000bc   Code   RO         3529    i.xTaskIncrementTick  tasks.o
    0x08002ce4   0x08002ce4   0x000000b4   Code   RO         3534    i.xTaskResumeAll    tasks.o
    0x08002d98   0x08002d98   0x00000098   Data   RO         3168    .constdata          usart.o
    0x08002e30   0x08002e30   0x00000020   Data   RO         5327    Region$$Table       anon$$obj.o


    Execution Region RW_IRAM1 (Exec base: 0x20000000, Load base: 0x08002e50, Size: 0x000037e0, Max: 0x00005000, ABSOLUTE)

    Exec Addr    Load Addr    Size         Type   Attr      Idx    E Section Name        Object

    0x20000000   0x08002e50   0x00000014   Data   RW           28    .data               system_stm32f10x.o
    0x20000014   0x08002e64   0x00000014   Data   RW         1738    .data               stm32f10x_rcc.o
    0x20000028   0x08002e78   0x00000001   Data   RW         3112    .data               led.o
    0x20000029   0x08002e79   0x00000003   PAD
    0x2000002c   0x08002e7c   0x00000044   Data   RW         3537    .data               tasks.o
    0x20000070   0x08002ec0   0x00000004   Data   RW         4035    .data               port.o
    0x20000074   0x08002ec4   0x00000018   Data   RW         4111    .data               heap_4.o
    0x2000008c   0x08002edc   0x00000010   Data   RW         4877    .data               main.o
    0x2000009c   0x08002eec   0x00000004   Data   RW         5284    .data               mc_w.l(stdout.o)
    0x200000a0        -       0x00001878   Zero   RW         3167    .bss                usart.o
    0x20001918        -       0x000000c8   Zero   RW         3536    .bss                tasks.o
    0x200019e0        -       0x00001400   Zero   RW         4110    .bss                heap_4.o
    0x20002de0        -       0x00000a00   Zero   RW            1    STACK               startup_stm32f10x_md.o


==============================================================================

Image component sizes


      Code (inc. data)   RO Data    RW Data    ZI Data      Debug   Object Name

         0          0          0          0          0       4516   core_cm3.o
       400         34          0         24       5120       4055   heap_4.o
       124         32          0          1          0       3739   led.o
       142          0          0          0          0       3126   list.o
       492        210          0         16          0       5317   main.o
       188         14          0          0          0       2995   misc.o
       378         50          0          4          0       9084   port.o
        36          8        236          0       2560        940   startup_stm32f10x_md.o
       194          0          0          0          0       3344   stm32f10x_gpio.o
        36          0          0          0          0       3582   stm32f10x_it.o
       304         36          0         20          0       5363   stm32f10x_rcc.o
        52         14          0          0          0       1230   stm32f10x_rtc.o
       258         10          0          0          0       4585   stm32f10x_tim.o
       394          6          0          0          0       7439   stm32f10x_usart.o
       268         20          0         20          0     250137   system_stm32f10x.o
      2638        276          0         68        200      31714   tasks.o
       604         22          0          0          0       2641   time.o
      1136         74        152          0       6264      20183   usart.o

    ----------------------------------------------------------------------
      7660        806        420        156      14144     363990   Object Totals
         0          0         32          0          0          0   (incl. Generated)
        16          0          0          3          0          0   (incl. Padding)

    ----------------------------------------------------------------------

      Code (inc. data)   RO Data    RW Data    ZI Data      Debug   Library Member Name

         0          0          0          0          0          0   entry.o
         0          0          0          0          0          0   entry10a.o
         0          0          0          0          0          0   entry11a.o
         8          4          0          0          0          0   entry2.o
         4          0          0          0          0          0   entry5.o
         0          0          0          0          0          0   entry7b.o
         0          0          0          0          0          0   entry8b.o
         8          4          0          0          0          0   entry9a.o
        30          0          0          0          0          0   handlers.o
        36          8          0          0          0         68   init.o
         0          0          0          0          0          0   iusefp.o
        30          0          0          0          0         68   llshl.o
        36          0          0          0          0         68   llsshr.o
        32          0          0          0          0         68   llushr.o
        36          0          0          0          0        108   memseta.o
      2308         96          0          0          0        604   printfa.o
         0          0          0          4          0          0   stdout.o
        18          0          0          0          0         68   strcpy.o
        14          0          0          0          0         68   strlen.o
        44          0          0          0          0         80   uidiv.o
        98          0          0          0          0         92   uldiv.o
        48          0          0          0          0         68   cdrcmple.o
       334          0          0          0          0        148   dadd.o
       222          0          0          0          0        100   ddiv.o
       186          0          0          0          0        176   depilogue.o
        48          0          0          0          0         68   dfixul.o
       228          0          0          0          0         96   dmul.o

    ----------------------------------------------------------------------
      3776        112          0          4          0       1948   Library Totals
         8          0          0          0          0          0   (incl. Padding)

    ----------------------------------------------------------------------

      Code (inc. data)   RO Data    RW Data    ZI Data      Debug   Library Name

      2702        112          0          4          0       1292   mc_w.l
      1066          0          0          0          0        656   mf_w.l

    ----------------------------------------------------------------------
      3776        112          0          4          0       1948   Library Totals

    ----------------------------------------------------------------------

==============================================================================


      Code (inc. data)   RO Data    RW Data    ZI Data      Debug   

     11436        918        420        160      14144     359642   Grand Totals
     11436        918        420        160      14144     359642   ELF Image Totals
     11436        918        420        160          0          0   ROM Totals

==============================================================================

    Total RO  Size (Code + RO Data)                11856 (  11.58kB)
    Total RW  Size (RW Data + ZI Data)             14304 (  13.97kB)
    Total ROM Size (Code + RO Data + RW Data)      12016 (  11.73kB)

==============================================================================

